Archive member included to satisfy reference by file (symbol)

c:/program files (x86)/atmel/studio/7.0/toolchain/avr8/avr8-gnu-toolchain/bin/../lib/gcc/avr/5.4.0/../../../../avr/lib/avrxmega2\libm.a(addsf3.o)
                              StringOperationen.o (__subsf3)
c:/program files (x86)/atmel/studio/7.0/toolchain/avr8/avr8-gnu-toolchain/bin/../lib/gcc/avr/5.4.0/../../../../avr/lib/avrxmega2\libm.a(addsf3x.o)
                              c:/program files (x86)/atmel/studio/7.0/toolchain/avr8/avr8-gnu-toolchain/bin/../lib/gcc/avr/5.4.0/../../../../avr/lib/avrxmega2\libm.a(addsf3.o) (__addsf3x)
c:/program files (x86)/atmel/studio/7.0/toolchain/avr8/avr8-gnu-toolchain/bin/../lib/gcc/avr/5.4.0/../../../../avr/lib/avrxmega2\libm.a(cmpsf2.o)
                              Faderbewegung.o (__nesf2)
c:/program files (x86)/atmel/studio/7.0/toolchain/avr8/avr8-gnu-toolchain/bin/../lib/gcc/avr/5.4.0/../../../../avr/lib/avrxmega2\libm.a(divsf3.o)
                              Faderbewegung.o (__divsf3)
c:/program files (x86)/atmel/studio/7.0/toolchain/avr8/avr8-gnu-toolchain/bin/../lib/gcc/avr/5.4.0/../../../../avr/lib/avrxmega2\libm.a(divsf3x.o)
                              c:/program files (x86)/atmel/studio/7.0/toolchain/avr8/avr8-gnu-toolchain/bin/../lib/gcc/avr/5.4.0/../../../../avr/lib/avrxmega2\libm.a(divsf3.o) (__divsf3x)
c:/program files (x86)/atmel/studio/7.0/toolchain/avr8/avr8-gnu-toolchain/bin/../lib/gcc/avr/5.4.0/../../../../avr/lib/avrxmega2\libm.a(fixsfsi.o)
                              Potentiometer.o (__fixsfsi)
c:/program files (x86)/atmel/studio/7.0/toolchain/avr8/avr8-gnu-toolchain/bin/../lib/gcc/avr/5.4.0/../../../../avr/lib/avrxmega2\libm.a(fixunssfsi.o)
                              Faderbewegung.o (__fixunssfsi)
c:/program files (x86)/atmel/studio/7.0/toolchain/avr8/avr8-gnu-toolchain/bin/../lib/gcc/avr/5.4.0/../../../../avr/lib/avrxmega2\libm.a(floatsisf.o)
                              Faderbewegung.o (__floatunsisf)
c:/program files (x86)/atmel/studio/7.0/toolchain/avr8/avr8-gnu-toolchain/bin/../lib/gcc/avr/5.4.0/../../../../avr/lib/avrxmega2\libm.a(fp_cmp.o)
                              c:/program files (x86)/atmel/studio/7.0/toolchain/avr8/avr8-gnu-toolchain/bin/../lib/gcc/avr/5.4.0/../../../../avr/lib/avrxmega2\libm.a(cmpsf2.o) (__fp_cmp)
c:/program files (x86)/atmel/studio/7.0/toolchain/avr8/avr8-gnu-toolchain/bin/../lib/gcc/avr/5.4.0/../../../../avr/lib/avrxmega2\libm.a(fp_inf.o)
                              c:/program files (x86)/atmel/studio/7.0/toolchain/avr8/avr8-gnu-toolchain/bin/../lib/gcc/avr/5.4.0/../../../../avr/lib/avrxmega2\libm.a(addsf3x.o) (__fp_inf)
c:/program files (x86)/atmel/studio/7.0/toolchain/avr8/avr8-gnu-toolchain/bin/../lib/gcc/avr/5.4.0/../../../../avr/lib/avrxmega2\libm.a(fp_nan.o)
                              c:/program files (x86)/atmel/studio/7.0/toolchain/avr8/avr8-gnu-toolchain/bin/../lib/gcc/avr/5.4.0/../../../../avr/lib/avrxmega2\libm.a(addsf3x.o) (__fp_nan)
c:/program files (x86)/atmel/studio/7.0/toolchain/avr8/avr8-gnu-toolchain/bin/../lib/gcc/avr/5.4.0/../../../../avr/lib/avrxmega2\libm.a(fp_pscA.o)
                              c:/program files (x86)/atmel/studio/7.0/toolchain/avr8/avr8-gnu-toolchain/bin/../lib/gcc/avr/5.4.0/../../../../avr/lib/avrxmega2\libm.a(addsf3x.o) (__fp_pscA)
c:/program files (x86)/atmel/studio/7.0/toolchain/avr8/avr8-gnu-toolchain/bin/../lib/gcc/avr/5.4.0/../../../../avr/lib/avrxmega2\libm.a(fp_pscB.o)
                              c:/program files (x86)/atmel/studio/7.0/toolchain/avr8/avr8-gnu-toolchain/bin/../lib/gcc/avr/5.4.0/../../../../avr/lib/avrxmega2\libm.a(addsf3x.o) (__fp_pscB)
c:/program files (x86)/atmel/studio/7.0/toolchain/avr8/avr8-gnu-toolchain/bin/../lib/gcc/avr/5.4.0/../../../../avr/lib/avrxmega2\libm.a(fp_round.o)
                              c:/program files (x86)/atmel/studio/7.0/toolchain/avr8/avr8-gnu-toolchain/bin/../lib/gcc/avr/5.4.0/../../../../avr/lib/avrxmega2\libm.a(addsf3.o) (__fp_round)
c:/program files (x86)/atmel/studio/7.0/toolchain/avr8/avr8-gnu-toolchain/bin/../lib/gcc/avr/5.4.0/../../../../avr/lib/avrxmega2\libm.a(fp_split3.o)
                              c:/program files (x86)/atmel/studio/7.0/toolchain/avr8/avr8-gnu-toolchain/bin/../lib/gcc/avr/5.4.0/../../../../avr/lib/avrxmega2\libm.a(addsf3x.o) (__fp_split3)
c:/program files (x86)/atmel/studio/7.0/toolchain/avr8/avr8-gnu-toolchain/bin/../lib/gcc/avr/5.4.0/../../../../avr/lib/avrxmega2\libm.a(fp_zero.o)
                              c:/program files (x86)/atmel/studio/7.0/toolchain/avr8/avr8-gnu-toolchain/bin/../lib/gcc/avr/5.4.0/../../../../avr/lib/avrxmega2\libm.a(addsf3x.o) (__fp_zero)
c:/program files (x86)/atmel/studio/7.0/toolchain/avr8/avr8-gnu-toolchain/bin/../lib/gcc/avr/5.4.0/../../../../avr/lib/avrxmega2\libm.a(gesf2.o)
                              Faderbewegung.o (__gesf2)
[...]
Memory Configuration

Name             Origin             Length             Attributes
text             0x00000000         0x00100000         xr
data             0x00802000         0x0000ffa0         rw !x
eeprom           0x00810000         0x00010000         rw !x
fuse             0x00820000         0x00000006         rw !x
lock             0x00830000         0x00000400         rw !x
signature        0x00840000         0x00000400         rw !x
user_signatures  0x00850000         0x00000400         rw !x
*default*        0x00000000         0xffffffff

Linker script and memory map

LOAD C:/Program Files (x86)/Atmel/Studio/7.0/Packs/atmel/XMEGAA_DFP/1.1.68/gcc/dev/atxmega32a4/avrxmega2/crtatxmega32a4.o
LOAD AnalogDigitalConverter.o
LOAD Bildschirmausgaben.o
LOAD Bitoperationen.o
LOAD BringMe2IdleState.o
LOAD Faderbewegung.o
LOAD Fader_Motor.o
LOAD IC_74HC595.o
LOAD Init_XMEGA.o
LOAD lcd-routines.o
LOAD LED.o
LOAD main.o
LOAD Pin.o
LOAD Potentiometer.o
LOAD Pumpenklasse.o
LOAD Pumpensteuerung.o
LOAD PwmPin.o
LOAD Schieberegister.o
LOAD Schieberegister_Operationen.o
LOAD StringOperationen.o
LOAD UART.o
LOAD uart_string_handling.o
START GROUP
LOAD c:/program files (x86)/atmel/studio/7.0/toolchain/avr8/avr8-gnu-toolchain/bin/../lib/gcc/avr/5.4.0/../../../../avr/lib/avrxmega2\libm.a
END GROUP
LOAD c:/program files (x86)/atmel/studio/7.0/toolchain/avr8/avr8-gnu-toolchain/bin/../lib/gcc/avr/5.4.0/avrxmega2\libgcc.a
LOAD c:/program files (x86)/atmel/studio/7.0/toolchain/avr8/avr8-gnu-toolchain/bin/../lib/gcc/avr/5.4.0/../../../../avr/lib/avrxmega2\libm.a
START GROUP
LOAD c:/program files (x86)/atmel/studio/7.0/toolchain/avr8/avr8-gnu-toolchain/bin/../lib/gcc/avr/5.4.0/avrxmega2\libgcc.a
LOAD c:/program files (x86)/atmel/studio/7.0/toolchain/avr8/avr8-gnu-toolchain/bin/../lib/gcc/avr/5.4.0/../../../../avr/lib/avrxmega2\libm.a
LOAD c:/program files (x86)/atmel/studio/7.0/toolchain/avr8/avr8-gnu-toolchain/bin/../lib/gcc/avr/5.4.0/../../../../avr/lib/avrxmega2\libc.a
LOAD C:/Program Files (x86)/Atmel/Studio/7.0/Packs/atmel/XMEGAA_DFP/1.1.68/gcc/dev/atxmega32a4/avrxmega2\libatxmega32a4.a
END GROUP
                0x00100000                __TEXT_REGION_LENGTH__ = DEFINED (__TEXT_REGION_LENGTH__)?__TEXT_REGION_LENGTH__:0x100000
                0x0000ffa0                __DATA_REGION_LENGTH__ = DEFINED (__DATA_REGION_LENGTH__)?__DATA_REGION_LENGTH__:0xffa0
                0x00010000                __EEPROM_REGION_LENGTH__ = DEFINED (__EEPROM_REGION_LENGTH__)?__EEPROM_REGION_LENGTH__:0x10000
                [0x00000006]                __FUSE_REGION_LENGTH__ = DEFINED (__FUSE_REGION_LENGTH__)?__FUSE_REGION_LENGTH__:0x400
                0x00000400                __LOCK_REGION_LENGTH__ = DEFINED (__LOCK_REGION_LENGTH__)?__LOCK_REGION_LENGTH__:0x400
                0x00000400                __SIGNATURE_REGION_LENGTH__ = DEFINED (__SIGNATURE_REGION_LENGTH__)?__SIGNATURE_REGION_LENGTH__:0x400
                0x00000400                __USER_SIGNATURE_REGION_LENGTH__ = DEFINED (__USER_SIGNATURE_REGION_LENGTH__)?__USER_SIGNATURE_REGION_LENGTH__:0x400

.hash
 *(.hash)

.dynsym
 *(.dynsym)

.dynstr
 *(.dynstr)

.gnu.version
 *(.gnu.version)

.gnu.version_d
 *(.gnu.version_d)

.gnu.version_r
 *(.gnu.version_r)

.rel.init
 *(.rel.init)

.rela.init
 *(.rela.init)

.rel.text
 *(.rel.text)
 *(.rel.text.*)
 *(.rel.gnu.linkonce.t*)

.rela.text
 *(.rela.text)
 *(.rela.text.*)
 *(.rela.gnu.linkonce.t*)

.rel.fini
 *(.rel.fini)

.rela.fini
 *(.rela.fini)

.rel.rodata
 *(.rel.rodata)
 *(.rel.rodata.*)
 *(.rel.gnu.linkonce.r*)

.rela.rodata
 *(.rela.rodata)
 *(.rela.rodata.*)
 *(.rela.gnu.linkonce.r*)

.rel.data
 *(.rel.data)
 *(.rel.data.*)
 *(.rel.gnu.linkonce.d*)

.rela.data
 *(.rela.data)
 *(.rela.data.*)
 *(.rela.gnu.linkonce.d*)

.rel.ctors
 *(.rel.ctors)

.rela.ctors
 *(.rela.ctors)

.rel.dtors
 *(.rel.dtors)

.rela.dtors
 *(.rela.dtors)

.rel.got
 *(.rel.got)

.rela.got
 *(.rela.got)

.rel.bss
 *(.rel.bss)

.rela.bss
 *(.rela.bss)

.rel.plt
 *(.rel.plt)

.rela.plt
 *(.rela.plt)

.text           0x00000000     0x46da
 *(.vectors)
 .vectors       0x00000000      0x178 C:/Program Files (x86)/Atmel/Studio/7.0/Packs/atmel/XMEGAA_DFP/1.1.68/gcc/dev/atxmega32a4/avrxmega2/crtatxmega32a4.o
                0x00000000                __vector_default
                0x00000000                __vectors
 *(.vectors)
 *(.progmem.gcc*)
 .progmem.gcc_sw_table.__vector_66
                0x00000178       0x14 main.o
 .progmem.gcc_sw_table.__vector_67
                0x0000018c       0x16 main.o
 .progmem.gcc_sw_table._ZN3Pin16initialisierePinEv
                0x000001a2       0x50 Pin.o
 .progmem.gcc_sw_table._ZN3Pin12setze_StatusEb
                0x000001f2       0x50 Pin.o
 .progmem.gcc_sw_table._Z8char2intc
                0x00000242       0x14 UART.o
 .progmem.gcc_fplib
                0x00000256       0x28 c:/program files (x86)/atmel/studio/7.0/toolchain/avr8/avr8-gnu-toolchain/bin/../lib/gcc/avr/5.4.0/../../../../avr/lib/avrxmega2\libm.a(exp.o)
 .progmem.gcc_fplib
                0x0000027e       0x5a c:/program files (x86)/atmel/studio/7.0/toolchain/avr8/avr8-gnu-toolchain/bin/../lib/gcc/avr/5.4.0/../../../../avr/lib/avrxmega2\libm.a(log.o)
                0x000002d8                . = ALIGN (0x2)
                0x000002d8                __trampolines_start = .
 *(.trampolines)
 .trampolines   0x000002d8        0x0 linker stubs
 *(.trampolines*)
                0x000002d8                __trampolines_end = .
 *libprintf_flt.a:*(.progmem.data)
 *libc.a:*(.progmem.data)
 *(.progmem*)
                0x000002d8                . = ALIGN (0x2)
 *(.jumptables)
 *(.jumptables*)
 *(.lowtext)
 *(.lowtext*)
                0x000002d8                __ctors_start = .
 *(.ctors)
 .ctors         0x000002d8        0x2 Faderbewegung.o
 .ctors         0x000002da        0x2 main.o
                0x000002dc                __ctors_end = .
                0x000002dc                __dtors_start = .
 *(.dtors)
 .dtors         0x000002dc        0x2 main.o
                0x000002de                __dtors_end = .
 SORT(*)(.ctors)
 SORT(*)(.dtors)
 *(.init0)
 .init0         0x000002de        0x0 C:/Program Files (x86)/Atmel/Studio/7.0/Packs/atmel/XMEGAA_DFP/1.1.68/gcc/dev/atxmega32a4/avrxmega2/crtatxmega32a4.o
                0x000002de                __init
 *(.init0)
 *(.init1)
 *(.init1)
 *(.init2)
 .init2         0x000002de        0xc C:/Program Files (x86)/Atmel/Studio/7.0/Packs/atmel/XMEGAA_DFP/1.1.68/gcc/dev/atxmega32a4/avrxmega2/crtatxmega32a4.o
 *(.init2)
 *(.init3)
 *(.init3)
 *(.init4)
 .init4         0x000002ea       0x16 c:/program files (x86)/atmel/studio/7.0/toolchain/avr8/avr8-gnu-toolchain/bin/../lib/gcc/avr/5.4.0/avrxmega2\libgcc.a(_copy_data.o)
                0x000002ea                __do_copy_data
 .init4         0x00000300       0x10 c:/program files (x86)/atmel/studio/7.0/toolchain/avr8/avr8-gnu-toolchain/bin/../lib/gcc/avr/5.4.0/avrxmega2\libgcc.a(_clear_bss.o)
                0x00000300                __do_clear_bss
 *(.init4)
 *(.init5)
 *(.init5)
 *(.init6)
 .init6         0x00000310       0x16 c:/program files (x86)/atmel/studio/7.0/toolchain/avr8/avr8-gnu-toolchain/bin/../lib/gcc/avr/5.4.0/avrxmega2\libgcc.a(_ctors.o)
                0x00000310                __do_global_ctors
 *(.init6)
 *(.init7)
 *(.init7)
 *(.init8)
 *(.init8)
 *(.init9)
 .init9         0x00000326        0x8 C:/Program Files (x86)/Atmel/Studio/7.0/Packs/atmel/XMEGAA_DFP/1.1.68/gcc/dev/atxmega32a4/avrxmega2/crtatxmega32a4.o
 *(.init9)
 *(.text)
 .text          0x0000032e        0x4 C:/Program Files (x86)/Atmel/Studio/7.0/Packs/atmel/XMEGAA_DFP/1.1.68/gcc/dev/atxmega32a4/avrxmega2/crtatxmega32a4.o
                0x0000032e                __vector_38
                0x0000032e                __vector_22
                0x0000032e                __vector_63
                0x0000032e                __vector_1
                0x0000032e                __vector_32
                0x0000032e                __vector_75
                0x0000032e                __vector_71
                0x0000032e                __vector_91
                0x0000032e                __vector_34
                0x0000032e                __vector_62
                0x0000032e                __vector_77
                0x0000032e                __vector_24
                0x0000032e                __vector_12
                0x0000032e                __vector_55
                0x0000032e                __vector_69
                0x0000032e                __vector_81
                0x0000032e                __vector_90
                0x0000032e                __vector_46
                0x0000032e                __bad_interrupt
                0x0000032e                __vector_72
                0x0000032e                __vector_6
                0x0000032e                __vector_31
                0x0000032e                __vector_92
                0x0000032e                __vector_35
                0x0000032e                __vector_78
                0x0000032e                __vector_74
                0x0000032e                __vector_39
                0x0000032e                __vector_3
                0x0000032e                __vector_23
                0x0000032e                __vector_68
                0x0000032e                __vector_30
                0x0000032e                __vector_73
                0x0000032e                __vector_45
                0x0000032e                __vector_25
                0x0000032e                __vector_93
                0x0000032e                __vector_61
                0x0000032e                __vector_11
                0x0000032e                __vector_54
                0x0000032e                __vector_13
                0x0000032e                __vector_17
                0x0000032e                __vector_19
                0x0000032e                __vector_56
                0x0000032e                __vector_7
                0x0000032e                __vector_49
                0x0000032e                __vector_41
                0x0000032e                __vector_86
                0x0000032e                __vector_64
                0x0000032e                __vector_88
                0x0000032e                __vector_43
                0x0000032e                __vector_27
                0x0000032e                __vector_5
                0x0000032e                __vector_33
                0x0000032e                __vector_76
                0x0000032e                __vector_47
                0x0000032e                __vector_52
                0x0000032e                __vector_37
                0x0000032e                __vector_89
                0x0000032e                __vector_4
                0x0000032e                __vector_44
                0x0000032e                __vector_82
                0x0000032e                __vector_51
                0x0000032e                __vector_9
                0x0000032e                __vector_2
                0x0000032e                __vector_21
                0x0000032e                __vector_15
                0x0000032e                __vector_36
                0x0000032e                __vector_79
                0x0000032e                __vector_58
                0x0000032e                __vector_70
                0x0000032e                __vector_83
                0x0000032e                __vector_29
                0x0000032e                __vector_60
                0x0000032e                __vector_40
                0x0000032e                __vector_85
                0x0000032e                __vector_8
                0x0000032e                __vector_26
                0x0000032e                __vector_48
                0x0000032e                __vector_80
                0x0000032e                __vector_14
                0x0000032e                __vector_84
                0x0000032e                __vector_57
                0x0000032e                __vector_53
                0x0000032e                __vector_10
                0x0000032e                __vector_50
                0x0000032e                __vector_16
                0x0000032e                __vector_59
                0x0000032e                __vector_18
                0x0000032e                __vector_20
                0x0000032e                __vector_42
                0x0000032e                __vector_87
                0x0000032e                __vector_65
                0x00000332                . = ALIGN (0x2)
 *(.text.*)
 .text._ZN22AnalogDigitalConverter16initialisiereADCEv
                0x00000332       0x18 AnalogDigitalConverter.o
                0x00000332                _ZN22AnalogDigitalConverter16initialisiereADCEv
 .text._ZN22AnalogDigitalConverterC2Ech
                0x0000034a       0x40 AnalogDigitalConverter.o
                0x0000034a                _ZN22AnalogDigitalConverterC1Ech
                0x0000034a                _ZN22AnalogDigitalConverterC2Ech
 .text._ZN22AnalogDigitalConverter8getValueEv
                0x0000038a      0x162 AnalogDigitalConverter.o
                0x0000038a                _ZN22AnalogDigitalConverter8getValueEv
 .text._ZN22AnalogDigitalConverterD2Ev
                0x000004ec        0x2 AnalogDigitalConverter.o
                0x000004ec                _ZN22AnalogDigitalConverterD2Ev
                0x000004ec                _ZN22AnalogDigitalConverterD1Ev
 .text._Z12Display_Initv
                0x000004ee        0x6 Bildschirmausgaben.o
                0x000004ee                _Z12Display_Initv
 .text._Z14BootBildschirmv
                0x000004f4       0x1e Bildschirmausgaben.o
                0x000004f4                _Z14BootBildschirmv
 .text._Z14IdleBildschirmv
                0x00000512       0x26 Bildschirmausgaben.o
                0x00000512                _Z14IdleBildschirmv
 .text._Z24Max_Fuellmaenge_beachtenj
                0x00000538       0x32 Bildschirmausgaben.o
                0x00000538                _Z24Max_Fuellmaenge_beachtenj
 .text._Z37Bildschirmausgabe_Rezeptur_einlesen_1v
                0x0000056a       0x1e Bildschirmausgaben.o
                0x0000056a                _Z37Bildschirmausgabe_Rezeptur_einlesen_1v
 .text._Z37Bildschirmausgabe_Rezeptur_einlesen_2j
                0x00000588       0x42 Bildschirmausgaben.o
                0x00000588                _Z37Bildschirmausgabe_Rezeptur_einlesen_2j
 .text._Z36Debug_Pin_Nummer_nicht_initialisiertv
                0x000005ca       0x12 Bildschirmausgaben.o
                0x000005ca                _Z36Debug_Pin_Nummer_nicht_initialisiertv
 .text._Z8Bit_Testhh
                0x000005dc       0x18 Bitoperationen.o
                0x000005dc                _Z8Bit_Testhh
 .text._Z7Bit_SetPyh
                0x000005f4       0x4e Bitoperationen.o
                0x000005f4                _Z7Bit_SetPyh
 .text._Z9Bit_ClearPyh
                0x00000642       0x5e Bitoperationen.o
                0x00000642                _Z9Bit_ClearPyh
 .text._Z7Dez2BinPy
                0x000006a0      0x138 Bitoperationen.o
                0x000006a0                _Z7Dez2BinPy
 .text._Z17bringMe2IdleStatev
                0x000007d8       0x8e BringMe2IdleState.o
                0x000007d8                _Z17bringMe2IdleStatev
 .text._Z23verfahre_Fader_auf_WertPiP6PwmPinP22AnalogDigitalConverterP11Fader_Motor
                0x00000866      0x4d2 Faderbewegung.o
                0x00000866                _Z23verfahre_Fader_auf_WertPiP6PwmPinP22AnalogDigitalConverterP11Fader_Motor
 .text._Z37verfahre_alle_Fader_auf_gleichen_werth
                0x00000d38      0x5a2 Faderbewegung.o
                0x00000d38                _Z37verfahre_alle_Fader_auf_gleichen_werth
 .text._Z35normiere_ProzentWert_auf_Fader_Wertd
                0x000012da      0x108 Faderbewegung.o
                0x000012da                _Z35normiere_ProzentWert_auf_Fader_Wertd
 .text._Z29normiere_Array_auf_Fader_WertPi
                0x000013e2       0x8c Faderbewegung.o
                0x000013e2                _Z29normiere_Array_auf_Fader_WertPi
 .text._GLOBAL__sub_I_DebuggingPin
                0x0000146e       0x10 Faderbewegung.o
 .text._ZN11Fader_Motor13Disable_MotorEv
                0x0000147e        0xe Fader_Motor.o
                0x0000147e                _ZN11Fader_Motor13Disable_MotorEv
 .text._ZN11Fader_Motor12Enable_MotorEv
                0x0000148c        0xe Fader_Motor.o
                0x0000148c                _ZN11Fader_Motor12Enable_MotorEv
 .text._ZN11Fader_Motor12get_DrehsinnEv
                0x0000149a        0x6 Fader_Motor.o
                0x0000149a                _ZN11Fader_Motor12get_DrehsinnEv
 .text._ZN11Fader_Motor18setze_DrehrichtungEb
                0x000014a0       0x8a Fader_Motor.o
                0x000014a0                _ZN11Fader_Motor18setze_DrehrichtungEb
 .text._ZN11Fader_MotorC2EP6PwmPinP10IC_74HC595h
                0x0000152a       0x14 Fader_Motor.o
                0x0000152a                _ZN11Fader_MotorC2EP6PwmPinP10IC_74HC595h
                0x0000152a                _ZN11Fader_MotorC1EP6PwmPinP10IC_74HC595h
 .text._ZN10IC_74HC595C2Ehh
                0x0000153e        0x8 IC_74HC595.o
                0x0000153e                _ZN10IC_74HC595C1Ehh
                0x0000153e                _ZN10IC_74HC595C2Ehh
 .text._ZN10IC_74HC5958get_WertEv
                0x00001546        0x6 IC_74HC595.o
                0x00001546                _ZN10IC_74HC5958get_WertEv
 .text._ZN10IC_74HC59510get_NummerEv
                0x0000154c        0x6 IC_74HC595.o
                0x0000154c                _ZN10IC_74HC59510get_NummerEv
 .text._ZN10IC_74HC59516Bits_hinzufuegenEh
                0x00001552        0xa IC_74HC595.o
                0x00001552                _ZN10IC_74HC59516Bits_hinzufuegenEh
 .text._ZN10IC_74HC59513Bits_loeschenEh
                0x0000155c       0x44 IC_74HC595.o
                0x0000155c                _ZN10IC_74HC59513Bits_loeschenEh
 .text._Z10Clock_initv
                0x000015a0       0x1c Init_XMEGA.o
                0x000015a0                _Z10Clock_initv
 .text._Z10Init_XMEGAv
                0x000015bc        0x6 Init_XMEGA.o
                0x000015bc                _Z10Init_XMEGAv
 .text._ZL7lcd_outh
                0x000015c2       0x62 lcd-routines.o
 .text._Z8lcd_datah
                0x00001624       0x2a lcd-routines.o
                0x00001624                _Z8lcd_datah
 .text._Z11lcd_commandh
                0x0000164e       0x2a lcd-routines.o
                0x0000164e                _Z11lcd_commandh
 .text._Z9lcd_clearv
                0x00001678       0x14 lcd-routines.o
                0x00001678                _Z9lcd_clearv
 .text._Z8lcd_initv
                0x0000168c       0xc2 lcd-routines.o
                0x0000168c                _Z8lcd_initv
 .text._Z13lcd_setcursorhh
                0x0000174e       0x2a lcd-routines.o
                0x0000174e                _Z13lcd_setcursorhh
 .text._Z10lcd_stringPKc
                0x00001778       0x1e lcd-routines.o
                0x00001778                _Z10lcd_stringPKc
 .text._ZN3LED11schalte_ausEv
                0x00001796       0x8e LED.o
                0x00001796                _ZN3LED11schalte_ausEv
 .text._ZN3LEDC2EhP10IC_74HC595
                0x00001824        0xe LED.o
                0x00001824                _ZN3LEDC2EhP10IC_74HC595
                0x00001824                _ZN3LEDC1EhP10IC_74HC595
 .text._ZN3LED11schalte_einEv
                0x00001832       0x90 LED.o
                0x00001832                _ZN3LED11schalte_einEv
 .text._ZN3LED12lese_ZustandEv
                0x000018c2        0x6 LED.o
                0x000018c2                _ZN3LED12lese_ZustandEv
 .text._Z15Initialisierungv
                0x000018c8       0x5a main.o
                0x000018c8                _Z15Initialisierungv
 .text._Z15SchalteKranzAusv
                0x00001922       0x46 main.o
                0x00001922                _Z15SchalteKranzAusv
 .text._Z20SchalteLEDAnKranzEinh
                0x00001968       0x30 main.o
                0x00001968                _Z20SchalteLEDAnKranzEinh
 .text.main     0x00001998      0x1b0 main.o
                0x00001998                main
 .text.__vector_66
                0x00001b48       0xaa main.o
                0x00001b48                __vector_66
 .text.__vector_67
                0x00001bf2       0xa4 main.o
                0x00001bf2                __vector_67
 .text._GLOBAL__sub_I_Stoptaster
                0x00001c96      0x2ea main.o
 .text._GLOBAL__sub_D_Stoptaster
                0x00001f80       0x46 main.o
 .text._ZN3PinC2Ev
                0x00001fc6        0x2 Pin.o
                0x00001fc6                _ZN3PinC2Ev
                0x00001fc6                _ZN3PinC1Ev
 .text._ZN3Pin9lese_PortEv
                0x00001fc8        0x6 Pin.o
                0x00001fc8                _ZN3Pin9lese_PortEv
 .text._ZN3Pin14lese_PinNummerEv
                0x00001fce        0x6 Pin.o
                0x00001fce                _ZN3Pin14lese_PinNummerEv
 .text._ZN3Pin10setze_PortEc
                0x00001fd4        0x6 Pin.o
                0x00001fd4                _ZN3Pin10setze_PortEc
 .text._ZN3Pin15setze_PinNummerEh
                0x00001fda        0x6 Pin.o
                0x00001fda                _ZN3Pin15setze_PinNummerEh
 .text._ZN3Pin14setze_RichtungEb
                0x00001fe0        0x6 Pin.o
                0x00001fe0                _ZN3Pin14setze_RichtungEb
 .text._ZN3Pin16initialisierePinEv
                0x00001fe6      0x430 Pin.o
                0x00001fe6                _ZN3Pin16initialisierePinEv
 .text._ZN3PinC2Echb
                0x00002416        0xe Pin.o
                0x00002416                _ZN3PinC1Echb
                0x00002416                _ZN3PinC2Echb
 .text._ZN3Pin12setze_StatusEb
                0x00002424      0x4ca Pin.o
                0x00002424                _ZN3Pin12setze_StatusEb
 .text._Z17Rezeptur_einlesenv
                0x000028ee      0x314 Potentiometer.o
                0x000028ee                _Z17Rezeptur_einlesenv
 .text._ZN12Pumpenklasse17deaktiviere_PumpeEv
                0x00002c02       0x8c Pumpenklasse.o
                0x00002c02                _ZN12Pumpenklasse17deaktiviere_PumpeEv
 .text._ZN12PumpenklasseC2EhP10IC_74HC595
                0x00002c8e       0x10 Pumpenklasse.o
                0x00002c8e                _ZN12PumpenklasseC2EhP10IC_74HC595
                0x00002c8e                _ZN12PumpenklasseC1EhP10IC_74HC595
 .text._ZN12Pumpenklasse15aktiviere_PumpeEv
                0x00002c9e       0x8c Pumpenklasse.o
                0x00002c9e                _ZN12Pumpenklasse15aktiviere_PumpeEv
 .text._ZN12PumpenklasseD2Ev
                0x00002d2a        0x2 Pumpenklasse.o
                0x00002d2a                _ZN12PumpenklasseD2Ev
                0x00002d2a                _ZN12PumpenklasseD1Ev
 .text._Z23deaktiviere_PumpenarrayP12Pumpenklasse
                0x00002d2c       0x28 Pumpensteuerung.o
                0x00002d2c                _Z23deaktiviere_PumpenarrayP12Pumpenklasse
 .text._Z17Rezeptur_ausgebenP12Pumpenklasse
                0x00002d54      0x124 Pumpensteuerung.o
                0x00002d54                _Z17Rezeptur_ausgebenP12Pumpenklasse
 .text._ZN6PwmPin13set_DutycycleEd
                0x00002e78      0x15e PwmPin.o
                0x00002e78                _ZN6PwmPin13set_DutycycleEd
 .text._ZN6PwmPin13get_DutycycleEv
                0x00002fd6        0xc PwmPin.o
                0x00002fd6                _ZN6PwmPin13get_DutycycleEv
 .text._ZN6PwmPin14set_PWM_statusEb
                0x00002fe2      0x17c PwmPin.o
                0x00002fe2                _ZN6PwmPin14set_PWM_statusEb
 .text._ZN6PwmPin19initialisierePWMPinEv
                0x0000315e       0x46 PwmPin.o
                0x0000315e                _ZN6PwmPin19initialisierePWMPinEv
 .text._ZN6PwmPinC2Eddch
                0x000031a4       0x7e PwmPin.o
                0x000031a4                _ZN6PwmPinC2Eddch
                0x000031a4                _ZN6PwmPinC1Eddch
 .text._ZN6PwmPinD2Ev
                0x00003222        0x2 PwmPin.o
                0x00003222                _ZN6PwmPinD1Ev
                0x00003222                _ZN6PwmPinD2Ev
 .text._ZN15SchieberegisterC2Ev
                0x00003224       0x48 Schieberegister.o
                0x00003224                _ZN15SchieberegisterC1Ev
                0x00003224                _ZN15SchieberegisterC2Ev
 .text._ZN15Schieberegister18Setze_Ist_auf_SollEv
                0x0000326c       0x42 Schieberegister.o
                0x0000326c                _ZN15Schieberegister18Setze_Ist_auf_SollEv
 .text._ZN15Schieberegister29aktualisiere_neuen_einzelWertEhh
                0x000032ae       0x64 Schieberegister.o
                0x000032ae                _ZN15Schieberegister29aktualisiere_neuen_einzelWertEhh
 .text._ZN15Schieberegister29aktualisiere_neuen_einzelWertE10IC_74HC595
                0x00003312       0x42 Schieberegister.o
                0x00003312                _ZN15Schieberegister29aktualisiere_neuen_einzelWertE10IC_74HC595
 .text._ZN15Schieberegister13Output_EnableEv
                0x00003354        0xc Schieberegister.o
                0x00003354                _ZN15Schieberegister13Output_EnableEv
 .text._ZN15Schieberegister14Output_DisableEv
                0x00003360        0xc Schieberegister.o
                0x00003360                _ZN15Schieberegister14Output_DisableEv
 .text._ZN15Schieberegister20Reset_Shift_RegisterEv
                0x0000336c       0x36 Schieberegister.o
                0x0000336c                _ZN15Schieberegister20Reset_Shift_RegisterEv
 .text._ZN15Schieberegister26Aktualisiere_Alle_RegisterEv
                0x000033a2        0xe Schieberegister.o
                0x000033a2                _ZN15Schieberegister26Aktualisiere_Alle_RegisterEv
 .text._ZN15Schieberegister35Schiebe_Datum_in_ShiftRegisterketteEh
                0x000033b0       0x46 Schieberegister.o
                0x000033b0                _ZN15Schieberegister35Schiebe_Datum_in_ShiftRegisterketteEh
 .text._ZN15Schieberegister28Aktualisiere_ist_gleich_SollEb
                0x000033f6       0x4e Schieberegister.o
                0x000033f6                _ZN15Schieberegister28Aktualisiere_ist_gleich_SollEb
 .text._Z30aktualisiere_alle_Gliederwertev
                0x00003444       0x2c Schieberegister_Operationen.o
                0x00003444                _Z30aktualisiere_alle_Gliederwertev
 .text._Z17int_to_char_arrayj
                0x00003470       0x4a StringOperationen.o
                0x00003470                _Z17int_to_char_arrayj
 .text._Z9UART_initv
                0x000034ba       0x26 UART.o
                0x000034ba                _Z9UART_initv
 .text._Z9Send_UARTPc
                0x000034e0       0x3e UART.o
                0x000034e0                _Z9Send_UARTPc
 .text._Z19release_uart_stringv
                0x0000351e        0xa UART.o
                0x0000351e                _Z19release_uart_stringv
 .text._Z26release_global_uart_stringv
                0x00003528        0xa UART.o
                0x00003528                _Z26release_global_uart_stringv
 .text._Z8char2intc
                0x00003532       0x52 UART.o
                0x00003532                _Z8char2intc
 .text._Z9Array2IntPch
                0x00003584       0xc6 UART.o
                0x00003584                _Z9Array2IntPch
 .text.__vector_28
                0x0000364a      0x1c4 UART.o
                0x0000364a                __vector_28
 .text._Z18Rezeptur_berechnenv
                0x0000380e       0x28 uart_string_handling.o
                0x0000380e                _Z18Rezeptur_berechnenv
 .text.avr-libc.fplib
                0x00003836        0xe c:/program files (x86)/atmel/studio/7.0/toolchain/avr8/avr8-gnu-toolchain/bin/../lib/gcc/avr/5.4.0/../../../../avr/lib/avrxmega2\libm.a(addsf3.o)
                0x00003836                __subsf3
                0x00003838                __addsf3
 .text.avr-libc.fplib
                0x00003844       0xcc c:/program files (x86)/atmel/studio/7.0/toolchain/avr8/avr8-gnu-toolchain/bin/../lib/gcc/avr/5.4.0/../../../../avr/lib/avrxmega2\libm.a(addsf3x.o)
                0x00003866                __addsf3x
 .text.avr-libc.fplib
                0x00003910        0xa c:/program files (x86)/atmel/studio/7.0/toolchain/avr8/avr8-gnu-toolchain/bin/../lib/gcc/avr/5.4.0/../../../../avr/lib/avrxmega2\libm.a(cmpsf2.o)
                0x00003910                __nesf2
                0x00003910                __eqsf2
                0x00003910                __cmpsf2
                0x00003910                __ltsf2
                0x00003910                __lesf2
 .text.avr-libc.fplib
                0x0000391a        0x8 c:/program files (x86)/atmel/studio/7.0/toolchain/avr8/avr8-gnu-toolchain/bin/../lib/gcc/avr/5.4.0/../../../../avr/lib/avrxmega2\libm.a(divsf3.o)
                0x0000391a                __divsf3
 .text.avr-libc.fplib
                0x00003922       0xdc c:/program files (x86)/atmel/studio/7.0/toolchain/avr8/avr8-gnu-toolchain/bin/../lib/gcc/avr/5.4.0/../../../../avr/lib/avrxmega2\libm.a(divsf3x.o)
                0x00003942                __divsf3x
                0x00003948                __divsf3_pse
 .text.avr-libc.fplib
                0x000039fe        0xe c:/program files (x86)/atmel/studio/7.0/toolchain/avr8/avr8-gnu-toolchain/bin/../lib/gcc/avr/5.4.0/../../../../avr/lib/avrxmega2\libm.a(fixsfsi.o)
                0x000039fe                __fixsfsi
 .text.avr-libc.fplib
                0x00003a0c       0x5e c:/program files (x86)/atmel/studio/7.0/toolchain/avr8/avr8-gnu-toolchain/bin/../lib/gcc/avr/5.4.0/../../../../avr/lib/avrxmega2\libm.a(fixunssfsi.o)
                0x00003a0c                __fixunssfsi
 .text.avr-libc.fplib
                0x00003a6a       0x7a c:/program files (x86)/atmel/studio/7.0/toolchain/avr8/avr8-gnu-toolchain/bin/../lib/gcc/avr/5.4.0/../../../../avr/lib/avrxmega2\libm.a(floatsisf.o)
                0x00003a6a                __floatunsisf
                0x00003a6e                __floatsisf
 .text.avr-libc.fplib
                0x00003ae4       0x48 c:/program files (x86)/atmel/studio/7.0/toolchain/avr8/avr8-gnu-toolchain/bin/../lib/gcc/avr/5.4.0/../../../../avr/lib/avrxmega2\libm.a(fp_cmp.o)
                0x00003ae4                __fp_cmp
 .text.avr-libc.fplib
                0x00003b2c        0xc c:/program files (x86)/atmel/studio/7.0/toolchain/avr8/avr8-gnu-toolchain/bin/../lib/gcc/avr/5.4.0/../../../../avr/lib/avrxmega2\libm.a(fp_inf.o)
                0x00003b2c                __fp_inf
 .text.avr-libc.fplib
                0x00003b38        0x6 c:/program files (x86)/atmel/studio/7.0/toolchain/avr8/avr8-gnu-toolchain/bin/../lib/gcc/avr/5.4.0/../../../../avr/lib/avrxmega2\libm.a(fp_nan.o)
                0x00003b38                __fp_nan
 .text.avr-libc.fplib
                0x00003b3e        0xe c:/program files (x86)/atmel/studio/7.0/toolchain/avr8/avr8-gnu-toolchain/bin/../lib/gcc/avr/5.4.0/../../../../avr/lib/avrxmega2\libm.a(fp_pscA.o)
                0x00003b3e                __fp_pscA
 .text.avr-libc.fplib
                0x00003b4c        0xe c:/program files (x86)/atmel/studio/7.0/toolchain/avr8/avr8-gnu-toolchain/bin/../lib/gcc/avr/5.4.0/../../../../avr/lib/avrxmega2\libm.a(fp_pscB.o)
                0x00003b4c                __fp_pscB
 .text.avr-libc.fplib
                0x00003b5a       0x22 c:/program files (x86)/atmel/studio/7.0/toolchain/avr8/avr8-gnu-toolchain/bin/../lib/gcc/avr/5.4.0/../../../../avr/lib/avrxmega2\libm.a(fp_round.o)
                0x00003b5a                __fp_round
 .text.avr-libc.fplib
                0x00003b7c       0x44 c:/program files (x86)/atmel/studio/7.0/toolchain/avr8/avr8-gnu-toolchain/bin/../lib/gcc/avr/5.4.0/../../../../avr/lib/avrxmega2\libm.a(fp_split3.o)
                0x00003b7c                __fp_split3
                0x00003b8c                __fp_splitA
 .text.avr-libc.fplib
                0x00003bc0        0xe c:/program files (x86)/atmel/studio/7.0/toolchain/avr8/avr8-gnu-toolchain/bin/../lib/gcc/avr/5.4.0/../../../../avr/lib/avrxmega2\libm.a(fp_zero.o)
                0x00003bc0                __fp_zero
                0x00003bc2                __fp_szero
 .text.avr-libc.fplib
                0x00003bce        0xa c:/program files (x86)/atmel/studio/7.0/toolchain/avr8/avr8-gnu-toolchain/bin/../lib/gcc/avr/5.4.0/../../../../avr/lib/avrxmega2\libm.a(gesf2.o)
                0x00003bce                __gesf2
                0x00003bce                __gtsf2
 .text.avr-libc.fplib
                0x00003bd8        0x8 c:/program files (x86)/atmel/studio/7.0/toolchain/avr8/avr8-gnu-toolchain/bin/../lib/gcc/avr/5.4.0/../../../../avr/lib/avrxmega2\libm.a(mulsf3.o)
                0x00003bd8                __mulsf3
 .text.avr-libc.fplib
                0x00003be0       0xd2 c:/program files (x86)/atmel/studio/7.0/toolchain/avr8/avr8-gnu-toolchain/bin/../lib/gcc/avr/5.4.0/../../../../avr/lib/avrxmega2\libm.a(mulsf3x.o)
                0x00003bfe                __mulsf3x
                0x00003c04                __mulsf3_pse
 .text.avr-libc.fplib
                0x00003cb2       0xa0 c:/program files (x86)/atmel/studio/7.0/toolchain/avr8/avr8-gnu-toolchain/bin/../lib/gcc/avr/5.4.0/../../../../avr/lib/avrxmega2\libm.a(pow.o)
                0x00003cb2                pow
 .text.avr-libc.fplib
                0x00003d52       0x48 c:/program files (x86)/atmel/studio/7.0/toolchain/avr8/avr8-gnu-toolchain/bin/../lib/gcc/avr/5.4.0/../../../../avr/lib/avrxmega2\libm.a(round.o)
                0x00003d52                round
 .text.avr-libc.fplib
                0x00003d9a       0x74 c:/program files (x86)/atmel/studio/7.0/toolchain/avr8/avr8-gnu-toolchain/bin/../lib/gcc/avr/5.4.0/../../../../avr/lib/avrxmega2\libm.a(exp.o)
                0x00003daa                exp
 .text.avr-libc.fplib
                0x00003e0e       0x36 c:/program files (x86)/atmel/studio/7.0/toolchain/avr8/avr8-gnu-toolchain/bin/../lib/gcc/avr/5.4.0/../../../../avr/lib/avrxmega2\libm.a(fp_mintl.o)
                0x00003e0e                __fp_mintl
 .text.avr-libc.fplib
                0x00003e44       0x1c c:/program files (x86)/atmel/studio/7.0/toolchain/avr8/avr8-gnu-toolchain/bin/../lib/gcc/avr/5.4.0/../../../../avr/lib/avrxmega2\libm.a(fp_mpack.o)
                0x00003e44                __fp_mpack
                0x00003e48                __fp_mpack_finite
 .text.avr-libc.fplib
                0x00003e60       0x4e c:/program files (x86)/atmel/studio/7.0/toolchain/avr8/avr8-gnu-toolchain/bin/../lib/gcc/avr/5.4.0/../../../../avr/lib/avrxmega2\libm.a(fp_powser.o)
                0x00003e60                __fp_powser
 .text.avr-libc.fplib
                0x00003eae       0x10 c:/program files (x86)/atmel/studio/7.0/toolchain/avr8/avr8-gnu-toolchain/bin/../lib/gcc/avr/5.4.0/../../../../avr/lib/avrxmega2\libm.a(inverse.o)
                0x00003eae                inverse
 .text.avr-libc.fplib
                0x00003ebe       0x74 c:/program files (x86)/atmel/studio/7.0/toolchain/avr8/avr8-gnu-toolchain/bin/../lib/gcc/avr/5.4.0/../../../../avr/lib/avrxmega2\libm.a(ldexp.o)
                0x00003ec6                ldexp
 .text.avr-libc.fplib
                0x00003f32       0xa0 c:/program files (x86)/atmel/studio/7.0/toolchain/avr8/avr8-gnu-toolchain/bin/../lib/gcc/avr/5.4.0/../../../../avr/lib/avrxmega2\libm.a(log.o)
                0x00003f42                log
 .text.avr-libc.fplib
                0x00003fd2       0x68 c:/program files (x86)/atmel/studio/7.0/toolchain/avr8/avr8-gnu-toolchain/bin/../lib/gcc/avr/5.4.0/../../../../avr/lib/avrxmega2\libm.a(modf.o)
                0x00003fd2                modf
                0x00003fd2                modff
 .text.libgcc.div
                0x0000403a       0x28 c:/program files (x86)/atmel/studio/7.0/toolchain/avr8/avr8-gnu-toolchain/bin/../lib/gcc/avr/5.4.0/avrxmega2\libgcc.a(_divmodhi4.o)
                0x0000403a                _div
                0x0000403a                __divmodhi4
 .text.libgcc   0x00004062        0xc c:/program files (x86)/atmel/studio/7.0/toolchain/avr8/avr8-gnu-toolchain/bin/../lib/gcc/avr/5.4.0/avrxmega2\libgcc.a(_tablejump2.o)
                0x00004062                __tablejump2__
 .text.libgcc.builtins
                0x0000406e       0x32 c:/program files (x86)/atmel/studio/7.0/toolchain/avr8/avr8-gnu-toolchain/bin/../lib/gcc/avr/5.4.0/avrxmega2\libgcc.a(_ashldi3.o)
                0x0000406e                __ashldi3
 .text.libgcc   0x000040a0       0x18 c:/program files (x86)/atmel/studio/7.0/toolchain/avr8/avr8-gnu-toolchain/bin/../lib/gcc/avr/5.4.0/avrxmega2\libgcc.a(_adddi3_s8.o)
                0x000040a0                __adddi3_s8
 .text.libgcc   0x000040b8       0x18 c:/program files (x86)/atmel/studio/7.0/toolchain/avr8/avr8-gnu-toolchain/bin/../lib/gcc/avr/5.4.0/avrxmega2\libgcc.a(_cmpdi2_s8.o)
                0x000040b8                __cmpdi2_s8
 .text.libgcc.div
                0x000040d0       0x28 c:/program files (x86)/atmel/studio/7.0/toolchain/avr8/avr8-gnu-toolchain/bin/../lib/gcc/avr/5.4.0/avrxmega2\libgcc.a(_udivmodhi4.o)
                0x000040d0                __udivmodhi4
 .text.avr-libc
                0x000040f8       0x44 c:/program files (x86)/atmel/studio/7.0/toolchain/avr8/avr8-gnu-toolchain/bin/../lib/gcc/avr/5.4.0/../../../../avr/lib/avrxmega2\libc.a(sprintf.o)
                0x000040f8                sprintf
 .text.avr-libc
                0x0000413c      0x3c2 c:/program files (x86)/atmel/studio/7.0/toolchain/avr8/avr8-gnu-toolchain/bin/../lib/gcc/avr/5.4.0/../../../../avr/lib/avrxmega2\libc.a(vfprintf_std.o)
                0x0000413c                vfprintf
 .text.avr-libc
                0x000044fe       0x16 c:/program files (x86)/atmel/studio/7.0/toolchain/avr8/avr8-gnu-toolchain/bin/../lib/gcc/avr/5.4.0/../../../../avr/lib/avrxmega2\libc.a(strnlen_P.o)
                0x000044fe                strnlen_P
 .text.avr-libc
                0x00004514       0x16 c:/program files (x86)/atmel/studio/7.0/toolchain/avr8/avr8-gnu-toolchain/bin/../lib/gcc/avr/5.4.0/../../../../avr/lib/avrxmega2\libc.a(strnlen.o)
                0x00004514                strnlen
 .text.avr-libc
                0x0000452a       0x78 c:/program files (x86)/atmel/studio/7.0/toolchain/avr8/avr8-gnu-toolchain/bin/../lib/gcc/avr/5.4.0/../../../../avr/lib/avrxmega2\libc.a(fputc.o)
                0x0000452a                fputc
 .text.avr-libc
                0x000045a2       0xbc c:/program files (x86)/atmel/studio/7.0/toolchain/avr8/avr8-gnu-toolchain/bin/../lib/gcc/avr/5.4.0/../../../../avr/lib/avrxmega2\libc.a(ultoa_invert.o)
                0x000045a2                __ultoa_invert
 .text.libgcc.prologue
                0x0000465e       0x32 c:/program files (x86)/atmel/studio/7.0/toolchain/avr8/avr8-gnu-toolchain/bin/../lib/gcc/avr/5.4.0/avrxmega2\libgcc.a(_prologue.o)
                0x0000465e                __prologue_saves__
 .text.libgcc.prologue
                0x00004690       0x30 c:/program files (x86)/atmel/studio/7.0/toolchain/avr8/avr8-gnu-toolchain/bin/../lib/gcc/avr/5.4.0/avrxmega2\libgcc.a(_epilogue.o)
                0x00004690                __epilogue_restores__
                0x000046c0                . = ALIGN (0x2)
 *(.fini9)
 .fini9         0x000046c0        0x0 c:/program files (x86)/atmel/studio/7.0/toolchain/avr8/avr8-gnu-toolchain/bin/../lib/gcc/avr/5.4.0/avrxmega2\libgcc.a(_exit.o)
                0x000046c0                _exit
                0x000046c0                exit
 *(.fini9)
 *(.fini8)
 *(.fini8)
 *(.fini7)
 *(.fini7)
 *(.fini6)
 .fini6         0x000046c0       0x16 c:/program files (x86)/atmel/studio/7.0/toolchain/avr8/avr8-gnu-toolchain/bin/../lib/gcc/avr/5.4.0/avrxmega2\libgcc.a(_dtors.o)
                0x000046c0                __do_global_dtors
 *(.fini6)
 *(.fini5)
 *(.fini5)
 *(.fini4)
 *(.fini4)
 *(.fini3)
 *(.fini3)
 *(.fini2)
 *(.fini2)
 *(.fini1)
 *(.fini1)
 *(.fini0)
 .fini0         0x000046d6        0x4 c:/program files (x86)/atmel/studio/7.0/toolchain/avr8/avr8-gnu-toolchain/bin/../lib/gcc/avr/5.4.0/avrxmega2\libgcc.a(_exit.o)
 *(.fini0)
                0x000046da                _etext = .

.data           0x00802000      0x19a load address 0x000046da
                0x00802000                PROVIDE (__data_start, .)
 *(.data)
 *(.data*)
 .data.IntString
                0x00802000        0x3 main.o
                0x00802000                IntString
 .data.StartTasterIgnorieren
                0x00802003        0x1 main.o
                0x00802003                StartTasterIgnorieren
 .data.max_Rezeptmenge
                0x00802004        0x2 main.o
                0x00802004                max_Rezeptmenge
 .data.Drehrichtung
                0x00802006        0x6 main.o
                0x00802006                Drehrichtung
 .data.Gesammtzustand_ist
                0x0080200c        0x8 Schieberegister.o
                0x0080200c                Gesammtzustand_ist
 *(.gnu.linkonce.d*)
 *(.rodata)
 *(.rodata*)
 .rodata.str1.1
                0x00802014      0x12f Bildschirmausgaben.o
                                0x148 (size before relaxing)
 .rodata.str1.1
                0x00802143       0x2a main.o
 .rodata.Sprungmarke_Rezept_ausgeben
                0x0080216d        0x1 main.o
                0x0080216d                Sprungmarke_Rezept_ausgeben
 .rodata.Sprungmarke_Fader_einlesen
                0x0080216e        0x1 main.o
                0x0080216e                Sprungmarke_Fader_einlesen
 .rodata.Sprungmarke_Start_Gedrueckt
                0x0080216f        0x1 main.o
                0x0080216f                Sprungmarke_Start_Gedrueckt
 .rodata.Sprungmarke_Bring_me_to_Idle_State
                0x00802170        0x1 main.o
                0x00802170                Sprungmarke_Bring_me_to_Idle_State
 .rodata.str1.1
                0x00802171        0x6 StringOperationen.o
                                  0x9 (size before relaxing)
 .rodata.str1.1
                0x00802177       0x23 UART.o
 *(.gnu.linkonce.r*)
                0x0080219a                . = ALIGN (0x2)
                0x0080219a                _edata = .
                0x0080219a                PROVIDE (__data_end, .)

.bss            0x0080219a      0x1c2
                0x0080219a                PROVIDE (__bss_start, .)
 *(.bss)
 *(.bss*)
 .bss.DebuggingPin
                0x0080219a        0x4 Faderbewegung.o
                0x0080219a                DebuggingPin
 .bss.ArrayCounter
                0x0080219e        0x2 main.o
                0x0080219e                ArrayCounter
 .bss.intRezepte
                0x008021a0        0xc main.o
                0x008021a0                intRezepte
 .bss.remote_rezept
                0x008021ac        0x1 main.o
                0x008021ac                remote_rezept
 .bss.Prozentmengen
                0x008021ad        0x2 main.o
                0x008021ad                Prozentmengen
 .bss.Letzter_Status
                0x008021af        0x2 main.o
                0x008021af                Letzter_Status
 .bss.count_hash
                0x008021b1        0x1 main.o
                0x008021b1                count_hash
 .bss.count_plus
                0x008021b2        0x1 main.o
                0x008021b2                count_plus
 .bss.global_uart_string
                0x008021b3       0x3d main.o
                0x008021b3                global_uart_string
 .bss.global_uart_str_complete
                0x008021f0        0x1 main.o
                0x008021f0                global_uart_str_complete
 .bss.Rezept_Array
                0x008021f1        0xc main.o
                0x008021f1                Rezept_Array
 .bss.Kein_Offset_Abgleich_noetig
                0x008021fd        0x1 main.o
                0x008021fd                Kein_Offset_Abgleich_noetig
 .bss.LEDKranz  0x008021fe       0x18 main.o
                0x008021fe                LEDKranz
 .bss.StopTasterLED
                0x00802216        0x4 main.o
                0x00802216                StopTasterLED
 .bss.StartTasterLED
                0x0080221a        0x4 main.o
                0x0080221a                StartTasterLED
 .bss.FlagFaderRemote
                0x0080221e        0x1 main.o
                0x0080221e                FlagFaderRemote
 .bss.ProgrammablaufStatus
                0x0080221f        0x1 main.o
                0x0080221f                ProgrammablaufStatus
 .bss.Pumpenarray
                0x00802220       0x1e main.o
                0x00802220                Pumpenarray
 .bss.Motor_Fader_Array
                0x0080223e       0x24 main.o
                0x0080223e                Motor_Fader_Array
 .bss.FaderADC_Array
                0x00802262       0x18 main.o
                0x00802262                FaderADC_Array
 .bss.GliederVektor
                0x0080227a        0xc main.o
                0x0080227a                GliederVektor
 .bss.Schubverband
                0x00802286       0x14 main.o
                0x00802286                Schubverband
 .bss.Motor_Fader_Enable_Array
                0x0080229a       0x4e main.o
                0x0080229a                Motor_Fader_Enable_Array
 .bss.Shiftregister_Output_Enable
                0x008022e8        0x4 main.o
                0x008022e8                Shiftregister_Output_Enable
 .bss.Shiftregister_Storage_Register_Clock_Input
                0x008022ec        0x4 main.o
                0x008022ec                Shiftregister_Storage_Register_Clock_Input
 .bss.Shiftregister_Master_Reset
                0x008022f0        0x4 main.o
                0x008022f0                Shiftregister_Master_Reset
 .bss.Shiftregister_Clock_Input
                0x008022f4        0x4 main.o
                0x008022f4                Shiftregister_Clock_Input
 .bss.Shiftregister_Data_Input
                0x008022f8        0x4 main.o
                0x008022f8                Shiftregister_Data_Input
 .bss.Starttaster
                0x008022fc        0x4 main.o
                0x008022fc                Starttaster
 .bss.Stoptaster
                0x00802300        0x4 main.o
                0x00802300                Stoptaster
 .bss.Zeiger_Gesammtzustand_ist
                0x00802304        0x2 Schieberegister.o
                0x00802304                Zeiger_Gesammtzustand_ist
 .bss.Zeiger_Gesammtzustand_soll
                0x00802306        0x2 Schieberegister.o
                0x00802306                Zeiger_Gesammtzustand_soll
 .bss.Gesammtzustand_soll
                0x00802308        0x8 Schieberegister.o
                0x00802308                Gesammtzustand_soll
 .bss.t         0x00802310        0x1 UART.o
                0x00802310                t
 .bss.uart_string
                0x00802311       0x3d UART.o
                0x00802311                uart_string
 .bss.uart_str_count
                0x0080234e        0x1 UART.o
                0x0080234e                uart_str_count
 .bss.uart_str_complete
                0x0080234f        0x1 UART.o
                0x0080234f                uart_str_complete
 .bss._ZZ18Rezeptur_berechnenvE14iProzentmengen
                0x00802350        0xc uart_string_handling.o
 *(COMMON)
                0x0080235c                PROVIDE (__bss_end, .)
                0x000046da                __data_load_start = LOADADDR (.data)
                0x00004874                __data_load_end = (__data_load_start + SIZEOF (.data))

.noinit         0x0080235c        0x0
                [!provide]                PROVIDE (__noinit_start, .)
 *(.noinit*)
                [!provide]                PROVIDE (__noinit_end, .)
                0x0080235c                _end = .
                [!provide]                PROVIDE (__heap_start, .)

.eeprom         0x00810000        0x0
 *(.eeprom*)
                0x00810000                __eeprom_end = .

.fuse
 *(.fuse)
 *(.lfuse)
 *(.hfuse)
 *(.efuse)

.lock
 *(.lock*)

.signature
 *(.signature*)

.user_signatures
 *(.user_signatures*)

.stab
 *(.stab)

.stabstr
 *(.stabstr)

.stab.excl
 *(.stab.excl)

.stab.exclstr
 *(.stab.exclstr)

.stab.index
 *(.stab.index)

.stab.indexstr
 *(.stab.indexstr)

.comment        0x00000000       0x5c
 *(.comment)
 .comment       0x00000000       0x30 AnalogDigitalConverter.o
                                 0x31 (size before relaxing)
 .comment       0x00000030       0x31 Bildschirmausgaben.o
 .comment       0x00000030       0x31 Bitoperationen.o
 .comment       0x00000030       0x31 BringMe2IdleState.o
 .comment       0x00000030       0x31 Faderbewegung.o
 .comment       0x00000030       0x31 Fader_Motor.o
 .comment       0x00000030       0x31 IC_74HC595.o
 .comment       0x00000030       0x31 Init_XMEGA.o
 .comment       0x00000030       0x31 lcd-routines.o
 .comment       0x00000030       0x31 LED.o
 .comment       0x00000030       0x31 main.o
 .comment       0x00000030       0x31 Pin.o
 .comment       0x00000030       0x31 Potentiometer.o
 .comment       0x00000030       0x31 Pumpenklasse.o
 .comment       0x00000030       0x31 Pumpensteuerung.o
 .comment       0x00000030       0x31 PwmPin.o
 .comment       0x00000030       0x31 Schieberegister.o
 .comment       0x00000030       0x31 Schieberegister_Operationen.o
 .comment       0x00000030       0x31 StringOperationen.o
 .comment       0x00000030       0x31 UART.o
 .comment       0x00000030       0x31 uart_string_handling.o
 .comment       0x00000030       0x31 c:/program files (x86)/atmel/studio/7.0/toolchain/avr8/avr8-gnu-toolchain/bin/../lib/gcc/avr/5.4.0/../../../../avr/lib/avrxmega2\libc.a(sprintf.o)
 .comment       0x00000030       0x2c c:/program files (x86)/atmel/studio/7.0/toolchain/avr8/avr8-gnu-toolchain/bin/../lib/gcc/avr/5.4.0/../../../../avr/lib/avrxmega2\libc.a(vfprintf_std.o)
                                 0x2d (size before relaxing)
 .comment       0x0000005c       0x31 c:/program files (x86)/atmel/studio/7.0/toolchain/avr8/avr8-gnu-toolchain/bin/../lib/gcc/avr/5.4.0/../../../../avr/lib/avrxmega2\libc.a(fputc.o)

.note.gnu.avr.deviceinfo
                0x00000000       0x40
 .note.gnu.avr.deviceinfo
                0x00000000       0x40 C:/Program Files (x86)/Atmel/Studio/7.0/Packs/atmel/XMEGAA_DFP/1.1.68/gcc/dev/atxmega32a4/avrxmega2/crtatxmega32a4.o

.note.gnu.build-id
 *(.note.gnu.build-id)

.debug
 *(.debug)

.line
 *(.line)

.debug_srcinfo
 *(.debug_srcinfo)

.debug_sfnames
 *(.debug_sfnames)

.debug_aranges  0x00000000      0x620
 *(.debug_aranges)
 .debug_aranges
                0x00000000       0x38 AnalogDigitalConverter.o
 .debug_aranges
                0x00000038       0xb0 Bildschirmausgaben.o
 .debug_aranges
                0x000000e8       0x40 Bitoperationen.o
 .debug_aranges
                0x00000128       0x20 BringMe2IdleState.o
 .debug_aranges
                0x00000148       0x50 Faderbewegung.o
 .debug_aranges
                0x00000198       0x48 Fader_Motor.o
 .debug_aranges
                0x000001e0       0x58 IC_74HC595.o
 .debug_aranges
                0x00000238       0x28 Init_XMEGA.o
 .debug_aranges
                0x00000260       0x60 lcd-routines.o
 .debug_aranges
                0x000002c0       0x40 LED.o
 .debug_aranges
                0x00000300       0x58 main.o
 .debug_aranges
                0x00000358       0x78 Pin.o
 .debug_aranges
                0x000003d0       0x20 Potentiometer.o
 .debug_aranges
                0x000003f0       0x48 Pumpenklasse.o
 .debug_aranges
                0x00000438       0x28 Pumpensteuerung.o
 .debug_aranges
                0x00000460       0x68 PwmPin.o
 .debug_aranges
                0x000004c8       0x90 Schieberegister.o
 .debug_aranges
                0x00000558       0x20 Schieberegister_Operationen.o
 .debug_aranges
                0x00000578       0x28 StringOperationen.o
 .debug_aranges
                0x000005a0       0x58 UART.o
 .debug_aranges
                0x000005f8       0x28 uart_string_handling.o

.debug_pubnames
 *(.debug_pubnames)

.debug_info     0x00000000     0xf1ca
 *(.debug_info .gnu.linkonce.wi.*)
 .debug_info    0x00000000     0x22d1 C:/Program Files (x86)/Atmel/Studio/7.0/Packs/atmel/XMEGAA_DFP/1.1.68/gcc/dev/atxmega32a4/avrxmega2/crtatxmega32a4.o
 .debug_info    0x000022d1      0xa85 AnalogDigitalConverter.o
 .debug_info    0x00002d56      0xa51 Bildschirmausgaben.o
 .debug_info    0x000037a7      0x769 Bitoperationen.o
 .debug_info    0x00003f10      0x944 BringMe2IdleState.o
 .debug_info    0x00004854     0x1012 Faderbewegung.o
 .debug_info    0x00005866      0x8a2 Fader_Motor.o
 .debug_info    0x00006108      0x4aa IC_74HC595.o
 .debug_info    0x000065b2      0x1df Init_XMEGA.o
 .debug_info    0x00006791      0x6eb lcd-routines.o
 .debug_info    0x00006e7c      0x53e LED.o
 .debug_info    0x000073ba     0x2123 main.o
 .debug_info    0x000094dd     0x12d5 Pin.o
 .debug_info    0x0000a7b2      0xa98 Potentiometer.o
 .debug_info    0x0000b24a      0x5bd Pumpenklasse.o
 .debug_info    0x0000b807      0xa53 Pumpensteuerung.o
 .debug_info    0x0000c25a     0x126b PwmPin.o
 .debug_info    0x0000d4c5      0xd1a Schieberegister.o
 .debug_info    0x0000e1df      0x604 Schieberegister_Operationen.o
 .debug_info    0x0000e7e3      0x150 StringOperationen.o
 .debug_info    0x0000e933      0x706 UART.o
 .debug_info    0x0000f039      0x191 uart_string_handling.o

.debug_abbrev   0x00000000     0x48ec
 *(.debug_abbrev)
 .debug_abbrev  0x00000000     0x20f8 C:/Program Files (x86)/Atmel/Studio/7.0/Packs/atmel/XMEGAA_DFP/1.1.68/gcc/dev/atxmega32a4/avrxmega2/crtatxmega32a4.o
 .debug_abbrev  0x000020f8      0x270 AnalogDigitalConverter.o
 .debug_abbrev  0x00002368       0xc4 Bildschirmausgaben.o
 .debug_abbrev  0x0000242c      0x1e3 Bitoperationen.o
 .debug_abbrev  0x0000260f      0x1a8 BringMe2IdleState.o
 .debug_abbrev  0x000027b7      0x32a Faderbewegung.o
 .debug_abbrev  0x00002ae1      0x1f5 Fader_Motor.o
 .debug_abbrev  0x00002cd6      0x1a9 IC_74HC595.o
 .debug_abbrev  0x00002e7f       0xe0 Init_XMEGA.o
 .debug_abbrev  0x00002f5f      0x1c0 lcd-routines.o
 .debug_abbrev  0x0000311f      0x1c8 LED.o
 .debug_abbrev  0x000032e7      0x3ab main.o
 .debug_abbrev  0x00003692      0x205 Pin.o
 .debug_abbrev  0x00003897      0x20c Potentiometer.o
 .debug_abbrev  0x00003aa3      0x1ba Pumpenklasse.o
 .debug_abbrev  0x00003c5d      0x224 Pumpensteuerung.o
 .debug_abbrev  0x00003e81      0x2c8 PwmPin.o
 .debug_abbrev  0x00004149      0x29f Schieberegister.o
 .debug_abbrev  0x000043e8      0x150 Schieberegister_Operationen.o
 .debug_abbrev  0x00004538       0xcb StringOperationen.o
 .debug_abbrev  0x00004603      0x1fc UART.o
 .debug_abbrev  0x000047ff       0xed uart_string_handling.o

.debug_line     0x00000000     0x4374
 *(.debug_line .debug_line.* .debug_line_end)
 .debug_line    0x00000000      0x2cb C:/Program Files (x86)/Atmel/Studio/7.0/Packs/atmel/XMEGAA_DFP/1.1.68/gcc/dev/atxmega32a4/avrxmega2/crtatxmega32a4.o
 .debug_line    0x000002cb      0x2c0 AnalogDigitalConverter.o
 .debug_line    0x0000058b      0x391 Bildschirmausgaben.o
 .debug_line    0x0000091c      0x16f Bitoperationen.o
 .debug_line    0x00000a8b      0x1dd BringMe2IdleState.o
 .debug_line    0x00000c68      0x601 Faderbewegung.o
 .debug_line    0x00001269      0x1c6 Fader_Motor.o
 .debug_line    0x0000142f      0x1f4 IC_74HC595.o
 .debug_line    0x00001623      0x130 Init_XMEGA.o
 .debug_line    0x00001753      0x3ba lcd-routines.o
 .debug_line    0x00001b0d      0x20b LED.o
 .debug_line    0x00001d18      0x6e5 main.o
 .debug_line    0x000023fd      0xaab Pin.o
 .debug_line    0x00002ea8      0x2e1 Potentiometer.o
 .debug_line    0x00003189      0x228 Pumpenklasse.o
 .debug_line    0x000033b1      0x259 Pumpensteuerung.o
 .debug_line    0x0000360a      0x37f PwmPin.o
 .debug_line    0x00003989      0x346 Schieberegister.o
 .debug_line    0x00003ccf      0x135 Schieberegister_Operationen.o
 .debug_line    0x00003e04       0xdd StringOperationen.o
 .debug_line    0x00003ee1      0x372 UART.o
 .debug_line    0x00004253      0x121 uart_string_handling.o

.debug_frame    0x00000000      0xeb0
 *(.debug_frame)
 .debug_frame   0x00000000       0x74 AnalogDigitalConverter.o
 .debug_frame   0x00000074      0x194 Bildschirmausgaben.o
 .debug_frame   0x00000208       0x9c Bitoperationen.o
 .debug_frame   0x000002a4       0x34 BringMe2IdleState.o
 .debug_frame   0x000002d8       0xf8 Faderbewegung.o
 .debug_frame   0x000003d0       0x84 Fader_Motor.o
 .debug_frame   0x00000454       0x94 IC_74HC595.o
 .debug_frame   0x000004e8       0x34 Init_XMEGA.o
 .debug_frame   0x0000051c       0xe4 lcd-routines.o
 .debug_frame   0x00000600       0x7c LED.o
 .debug_frame   0x0000067c      0x128 main.o
 .debug_frame   0x000007a4       0xf0 Pin.o
 .debug_frame   0x00000894       0x34 Potentiometer.o
 .debug_frame   0x000008c8       0x8c Pumpenklasse.o
 .debug_frame   0x00000954       0x84 Pumpensteuerung.o
 .debug_frame   0x000009d8      0x12c PwmPin.o
 .debug_frame   0x00000b04      0x160 Schieberegister.o
 .debug_frame   0x00000c64       0x30 Schieberegister_Operationen.o
 .debug_frame   0x00000c94       0x94 StringOperationen.o
 .debug_frame   0x00000d28      0x140 UART.o
 .debug_frame   0x00000e68       0x48 uart_string_handling.o

.debug_str      0x00000000     0x494c
 *(.debug_str)
 .debug_str     0x00000000     0x172c C:/Program Files (x86)/Atmel/Studio/7.0/Packs/atmel/XMEGAA_DFP/1.1.68/gcc/dev/atxmega32a4/avrxmega2/crtatxmega32a4.o
 .debug_str     0x0000172c      0x8bd AnalogDigitalConverter.o
                                0x928 (size before relaxing)
 .debug_str     0x00001fe9      0x568 Bildschirmausgaben.o
                                0x728 (size before relaxing)
 .debug_str     0x00002551      0x62f Bitoperationen.o
                                0x9db (size before relaxing)
 .debug_str     0x00002b80      0x3f7 BringMe2IdleState.o
                                0xd8d (size before relaxing)
 .debug_str     0x00002f77      0x5f8 Faderbewegung.o
                               0x113e (size before relaxing)
 .debug_str     0x0000356f       0x6c Fader_Motor.o
                                0x8b1 (size before relaxing)
 .debug_str     0x000035db       0x5f IC_74HC595.o
                                0x383 (size before relaxing)
 .debug_str     0x0000363a      0x14a Init_XMEGA.o
                                0x31e (size before relaxing)
 .debug_str     0x00003784       0xf4 lcd-routines.o
                                0x335 (size before relaxing)
 .debug_str     0x00003878       0x35 LED.o
                                0x478 (size before relaxing)
 .debug_str     0x000038ad      0x788 main.o
                               0x1afd (size before relaxing)
 .debug_str     0x00004035       0x4b Pin.o
                                0x46e (size before relaxing)
 .debug_str     0x00004080       0x9a Potentiometer.o
                                0xe56 (size before relaxing)
 .debug_str     0x0000411a       0x60 Pumpenklasse.o
                                0x55c (size before relaxing)
 .debug_str     0x0000417a       0x30 Pumpensteuerung.o
                                0xd4e (size before relaxing)
 .debug_str     0x000041aa      0x40d PwmPin.o
                                0xbf7 (size before relaxing)
 .debug_str     0x000045b7       0x88 Schieberegister.o
                                0xb3c (size before relaxing)
 .debug_str     0x0000463f       0x25 Schieberegister_Operationen.o
                                0x9b9 (size before relaxing)
 .debug_str     0x00004664       0x46 StringOperationen.o
                                0x26b (size before relaxing)
 .debug_str     0x000046aa      0x22a UART.o
                                0x6d6 (size before relaxing)
 .debug_str     0x000048d4       0x78 uart_string_handling.o
                                0x28f (size before relaxing)

.debug_loc      0x00000000     0x45c7
 *(.debug_loc)
 .debug_loc     0x00000000      0x162 AnalogDigitalConverter.o
 .debug_loc     0x00000162      0x286 Bildschirmausgaben.o
 .debug_loc     0x000003e8      0x328 Bitoperationen.o
 .debug_loc     0x00000710       0x85 BringMe2IdleState.o
 .debug_loc     0x00000795      0x4eb Faderbewegung.o
 .debug_loc     0x00000c80      0x1d2 Fader_Motor.o
 .debug_loc     0x00000e52      0x172 IC_74HC595.o
 .debug_loc     0x00000fc4      0x6b4 lcd-routines.o
 .debug_loc     0x00001678      0x1a3 LED.o
 .debug_loc     0x0000181b      0x459 main.o
 .debug_loc     0x00001c74     0x105d Pin.o
 .debug_loc     0x00002cd1      0x2e8 Potentiometer.o
 .debug_loc     0x00002fb9      0x1dd Pumpenklasse.o
 .debug_loc     0x00003196      0x20b Pumpensteuerung.o
 .debug_loc     0x000033a1      0x3ca PwmPin.o
 .debug_loc     0x0000376b      0x4f8 Schieberegister.o
 .debug_loc     0x00003c63       0x53 Schieberegister_Operationen.o
 .debug_loc     0x00003cb6      0x194 StringOperationen.o
 .debug_loc     0x00003e4a      0x5e0 UART.o
 .debug_loc     0x0000442a      0x19d uart_string_handling.o

.debug_macinfo
 *(.debug_macinfo)

.debug_weaknames
 *(.debug_weaknames)

.debug_funcnames
 *(.debug_funcnames)

.debug_typenames
 *(.debug_typenames)

.debug_varnames
 *(.debug_varnames)

.debug_pubtypes
 *(.debug_pubtypes)

.debug_ranges   0x00000000      0x4d0
 *(.debug_ranges)
 .debug_ranges  0x00000000       0x28 AnalogDigitalConverter.o
 .debug_ranges  0x00000028       0xa0 Bildschirmausgaben.o
 .debug_ranges  0x000000c8       0x30 Bitoperationen.o
 .debug_ranges  0x000000f8       0x10 BringMe2IdleState.o
 .debug_ranges  0x00000108       0x40 Faderbewegung.o
 .debug_ranges  0x00000148       0x38 Fader_Motor.o
 .debug_ranges  0x00000180       0x48 IC_74HC595.o
 .debug_ranges  0x000001c8       0x18 Init_XMEGA.o
 .debug_ranges  0x000001e0       0x50 lcd-routines.o
 .debug_ranges  0x00000230       0x30 LED.o
 .debug_ranges  0x00000260       0x48 main.o
 .debug_ranges  0x000002a8       0x68 Pin.o
 .debug_ranges  0x00000310       0x10 Potentiometer.o
 .debug_ranges  0x00000320       0x38 Pumpenklasse.o
 .debug_ranges  0x00000358       0x18 Pumpensteuerung.o
 .debug_ranges  0x00000370       0x58 PwmPin.o
 .debug_ranges  0x000003c8       0x80 Schieberegister.o
 .debug_ranges  0x00000448       0x10 Schieberegister_Operationen.o
 .debug_ranges  0x00000458       0x18 StringOperationen.o
 .debug_ranges  0x00000470       0x48 UART.o
 .debug_ranges  0x000004b8       0x18 uart_string_handling.o

.debug_macro
 *(.debug_macro)
OUTPUT(Cocktailmixer.elf elf32-avr)
LOAD linker stubs
