Archive member included to satisfy reference by file (symbol)

c:/program files (x86)/atmel/studio/7.0/toolchain/avr8/avr8-gnu-toolchain/bin/../lib/gcc/avr/5.4.0/../../../../avr/lib/avrxmega2\libm.a(addsf3.o)
                              StringOperationen.o (__subsf3)
c:/program files (x86)/atmel/studio/7.0/toolchain/avr8/avr8-gnu-toolchain/bin/../lib/gcc/avr/5.4.0/../../../../avr/lib/avrxmega2\libm.a(addsf3x.o)
                              c:/program files (x86)/atmel/studio/7.0/toolchain/avr8/avr8-gnu-toolchain/bin/../lib/gcc/avr/5.4.0/../../../../avr/lib/avrxmega2\libm.a(addsf3.o) (__addsf3x)
c:/program files (x86)/atmel/studio/7.0/toolchain/avr8/avr8-gnu-toolchain/bin/../lib/gcc/avr/5.4.0/../../../../avr/lib/avrxmega2\libm.a(cmpsf2.o)
                              Faderbewegung.o (__nesf2)
c:/program files (x86)/atmel/studio/7.0/toolchain/avr8/avr8-gnu-toolchain/bin/../lib/gcc/avr/5.4.0/../../../../avr/lib/avrxmega2\libm.a(divsf3.o)
                              Faderbewegung.o (__divsf3)
c:/program files (x86)/atmel/studio/7.0/toolchain/avr8/avr8-gnu-toolchain/bin/../lib/gcc/avr/5.4.0/../../../../avr/lib/avrxmega2\libm.a(divsf3x.o)
                              c:/program files (x86)/atmel/studio/7.0/toolchain/avr8/avr8-gnu-toolchain/bin/../lib/gcc/avr/5.4.0/../../../../avr/lib/avrxmega2\libm.a(divsf3.o) (__divsf3x)
c:/program files (x86)/atmel/studio/7.0/toolchain/avr8/avr8-gnu-toolchain/bin/../lib/gcc/avr/5.4.0/../../../../avr/lib/avrxmega2\libm.a(fixsfsi.o)
                              Potentiometer.o (__fixsfsi)
c:/program files (x86)/atmel/studio/7.0/toolchain/avr8/avr8-gnu-toolchain/bin/../lib/gcc/avr/5.4.0/../../../../avr/lib/avrxmega2\libm.a(fixunssfsi.o)
                              Faderbewegung.o (__fixunssfsi)
c:/program files (x86)/atmel/studio/7.0/toolchain/avr8/avr8-gnu-toolchain/bin/../lib/gcc/avr/5.4.0/../../../../avr/lib/avrxmega2\libm.a(floatsisf.o)
                              Faderbewegung.o (__floatunsisf)
c:/program files (x86)/atmel/studio/7.0/toolchain/avr8/avr8-gnu-toolchain/bin/../lib/gcc/avr/5.4.0/../../../../avr/lib/avrxmega2\libm.a(fp_cmp.o)
                              c:/program files (x86)/atmel/studio/7.0/toolchain/avr8/avr8-gnu-toolchain/bin/../lib/gcc/avr/5.4.0/../../../../avr/lib/avrxmega2\libm.a(cmpsf2.o) (__fp_cmp)
c:/program files (x86)/atmel/studio/7.0/toolchain/avr8/avr8-gnu-toolchain/bin/../lib/gcc/avr/5.4.0/../../../../avr/lib/avrxmega2\libm.a(fp_inf.o)
                              c:/program files (x86)/atmel/studio/7.0/toolchain/avr8/avr8-gnu-toolchain/bin/../lib/gcc/avr/5.4.0/../../../../avr/lib/avrxmega2\libm.a(addsf3x.o) (__fp_inf)
c:/program files (x86)/atmel/studio/7.0/toolchain/avr8/avr8-gnu-toolchain/bin/../lib/gcc/avr/5.4.0/../../../../avr/lib/avrxmega2\libm.a(fp_nan.o)
                              c:/program files (x86)/atmel/studio/7.0/toolchain/avr8/avr8-gnu-toolchain/bin/../lib/gcc/avr/5.4.0/../../../../avr/lib/avrxmega2\libm.a(addsf3x.o) (__fp_nan)
c:/program files (x86)/atmel/studio/7.0/toolchain/avr8/avr8-gnu-toolchain/bin/../lib/gcc/avr/5.4.0/../../../../avr/lib/avrxmega2\libm.a(fp_pscA.o)
                              c:/program files (x86)/atmel/studio/7.0/toolchain/avr8/avr8-gnu-toolchain/bin/../lib/gcc/avr/5.4.0/../../../../avr/lib/avrxmega2\libm.a(addsf3x.o) (__fp_pscA)
c:/program files (x86)/atmel/studio/7.0/toolchain/avr8/avr8-gnu-toolchain/bin/../lib/gcc/avr/5.4.0/../../../../avr/lib/avrxmega2\libm.a(fp_pscB.o)
                              c:/program files (x86)/atmel/studio/7.0/toolchain/avr8/avr8-gnu-toolchain/bin/../lib/gcc/avr/5.4.0/../../../../avr/lib/avrxmega2\libm.a(addsf3x.o) (__fp_pscB)
c:/program files (x86)/atmel/studio/7.0/toolchain/avr8/avr8-gnu-toolchain/bin/../lib/gcc/avr/5.4.0/../../../../avr/lib/avrxmega2\libm.a(fp_round.o)
                              c:/program files (x86)/atmel/studio/7.0/toolchain/avr8/avr8-gnu-toolchain/bin/../lib/gcc/avr/5.4.0/../../../../avr/lib/avrxmega2\libm.a(addsf3.o) (__fp_round)
c:/program files (x86)/atmel/studio/7.0/toolchain/avr8/avr8-gnu-toolchain/bin/../lib/gcc/avr/5.4.0/../../../../avr/lib/avrxmega2\libm.a(fp_split3.o)
                              c:/program files (x86)/atmel/studio/7.0/toolchain/avr8/avr8-gnu-toolchain/bin/../lib/gcc/avr/5.4.0/../../../../avr/lib/avrxmega2\libm.a(addsf3x.o) (__fp_split3)
c:/program files (x86)/atmel/studio/7.0/toolchain/avr8/avr8-gnu-toolchain/bin/../lib/gcc/avr/5.4.0/../../../../avr/lib/avrxmega2\libm.a(fp_zero.o)
                              c:/program files (x86)/atmel/studio/7.0/toolchain/avr8/avr8-gnu-toolchain/bin/../lib/gcc/avr/5.4.0/../../../../avr/lib/avrxmega2\libm.a(addsf3x.o) (__fp_zero)
c:/program files (x86)/atmel/studio/7.0/toolchain/avr8/avr8-gnu-toolchain/bin/../lib/gcc/avr/5.4.0/../../../../avr/lib/avrxmega2\libm.a(gesf2.o)
                              Faderbewegung.o (__gesf2)
[...]
Memory Configuration

Name             Origin             Length             Attributes
text             0x00000000         0x00100000         xr
data             0x00802000         0x0000ffa0         rw !x
eeprom           0x00810000         0x00010000         rw !x
fuse             0x00820000         0x00000006         rw !x
lock             0x00830000         0x00000400         rw !x
signature        0x00840000         0x00000400         rw !x
user_signatures  0x00850000         0x00000400         rw !x
*default*        0x00000000         0xffffffff

Linker script and memory map

LOAD C:/Program Files (x86)/Atmel/Studio/7.0/Packs/atmel/XMEGAA_DFP/1.1.68/gcc/dev/atxmega32a4/avrxmega2/crtatxmega32a4.o
LOAD AnalogDigitalConverter.o
LOAD Bildschirmausgaben.o
LOAD Bitoperationen.o
LOAD BringMe2IdleState.o
LOAD Faderbewegung.o
LOAD Fader_Motor.o
LOAD IC_74HC595.o
LOAD Init_XMEGA.o
LOAD lcd-routines.o
LOAD LED.o
LOAD main.o
LOAD Pin.o
LOAD Potentiometer.o
LOAD Pumpenklasse.o
LOAD Pumpensteuerung.o
LOAD PwmPin.o
LOAD Schieberegister.o
LOAD Schieberegister_Operationen.o
LOAD StringOperationen.o
LOAD UART.o
LOAD uart_string_handling.o
START GROUP
LOAD c:/program files (x86)/atmel/studio/7.0/toolchain/avr8/avr8-gnu-toolchain/bin/../lib/gcc/avr/5.4.0/../../../../avr/lib/avrxmega2\libm.a
END GROUP
LOAD c:/program files (x86)/atmel/studio/7.0/toolchain/avr8/avr8-gnu-toolchain/bin/../lib/gcc/avr/5.4.0/avrxmega2\libgcc.a
LOAD c:/program files (x86)/atmel/studio/7.0/toolchain/avr8/avr8-gnu-toolchain/bin/../lib/gcc/avr/5.4.0/../../../../avr/lib/avrxmega2\libm.a
START GROUP
LOAD c:/program files (x86)/atmel/studio/7.0/toolchain/avr8/avr8-gnu-toolchain/bin/../lib/gcc/avr/5.4.0/avrxmega2\libgcc.a
LOAD c:/program files (x86)/atmel/studio/7.0/toolchain/avr8/avr8-gnu-toolchain/bin/../lib/gcc/avr/5.4.0/../../../../avr/lib/avrxmega2\libm.a
LOAD c:/program files (x86)/atmel/studio/7.0/toolchain/avr8/avr8-gnu-toolchain/bin/../lib/gcc/avr/5.4.0/../../../../avr/lib/avrxmega2\libc.a
LOAD C:/Program Files (x86)/Atmel/Studio/7.0/Packs/atmel/XMEGAA_DFP/1.1.68/gcc/dev/atxmega32a4/avrxmega2\libatxmega32a4.a
END GROUP
                0x00100000                __TEXT_REGION_LENGTH__ = DEFINED (__TEXT_REGION_LENGTH__)?__TEXT_REGION_LENGTH__:0x100000
                0x0000ffa0                __DATA_REGION_LENGTH__ = DEFINED (__DATA_REGION_LENGTH__)?__DATA_REGION_LENGTH__:0xffa0
                0x00010000                __EEPROM_REGION_LENGTH__ = DEFINED (__EEPROM_REGION_LENGTH__)?__EEPROM_REGION_LENGTH__:0x10000
                [0x00000006]                __FUSE_REGION_LENGTH__ = DEFINED (__FUSE_REGION_LENGTH__)?__FUSE_REGION_LENGTH__:0x400
                0x00000400                __LOCK_REGION_LENGTH__ = DEFINED (__LOCK_REGION_LENGTH__)?__LOCK_REGION_LENGTH__:0x400
                0x00000400                __SIGNATURE_REGION_LENGTH__ = DEFINED (__SIGNATURE_REGION_LENGTH__)?__SIGNATURE_REGION_LENGTH__:0x400
                0x00000400                __USER_SIGNATURE_REGION_LENGTH__ = DEFINED (__USER_SIGNATURE_REGION_LENGTH__)?__USER_SIGNATURE_REGION_LENGTH__:0x400

.hash
 *(.hash)

.dynsym
 *(.dynsym)

.dynstr
 *(.dynstr)

.gnu.version
 *(.gnu.version)

.gnu.version_d
 *(.gnu.version_d)

.gnu.version_r
 *(.gnu.version_r)

.rel.init
 *(.rel.init)

.rela.init
 *(.rela.init)

.rel.text
 *(.rel.text)
 *(.rel.text.*)
 *(.rel.gnu.linkonce.t*)

.rela.text
 *(.rela.text)
 *(.rela.text.*)
 *(.rela.gnu.linkonce.t*)

.rel.fini
 *(.rel.fini)

.rela.fini
 *(.rela.fini)

.rel.rodata
 *(.rel.rodata)
 *(.rel.rodata.*)
 *(.rel.gnu.linkonce.r*)

.rela.rodata
 *(.rela.rodata)
 *(.rela.rodata.*)
 *(.rela.gnu.linkonce.r*)

.rel.data
 *(.rel.data)
 *(.rel.data.*)
 *(.rel.gnu.linkonce.d*)

.rela.data
 *(.rela.data)
 *(.rela.data.*)
 *(.rela.gnu.linkonce.d*)

.rel.ctors
 *(.rel.ctors)

.rela.ctors
 *(.rela.ctors)

.rel.dtors
 *(.rel.dtors)

.rela.dtors
 *(.rela.dtors)

.rel.got
 *(.rel.got)

.rela.got
 *(.rela.got)

.rel.bss
 *(.rel.bss)

.rela.bss
 *(.rela.bss)

.rel.plt
 *(.rel.plt)

.rela.plt
 *(.rela.plt)

.text           0x00000000     0x45b6
 *(.vectors)
 .vectors       0x00000000      0x178 C:/Program Files (x86)/Atmel/Studio/7.0/Packs/atmel/XMEGAA_DFP/1.1.68/gcc/dev/atxmega32a4/avrxmega2/crtatxmega32a4.o
                0x00000000                __vector_default
                0x00000000                __vectors
 *(.vectors)
 *(.progmem.gcc*)
 .progmem.gcc_sw_table.__vector_66
                0x00000178       0x14 main.o
 .progmem.gcc_sw_table.__vector_67
                0x0000018c       0x16 main.o
 .progmem.gcc_sw_table._ZN3Pin16initialisierePinEv
                0x000001a2       0x50 Pin.o
 .progmem.gcc_sw_table._ZN3Pin12setze_StatusEb
                0x000001f2       0x50 Pin.o
 .progmem.gcc_sw_table._Z8char2intc
                0x00000242       0x14 UART.o
 .progmem.gcc_fplib
                0x00000256       0x28 c:/program files (x86)/atmel/studio/7.0/toolchain/avr8/avr8-gnu-toolchain/bin/../lib/gcc/avr/5.4.0/../../../../avr/lib/avrxmega2\libm.a(exp.o)
 .progmem.gcc_fplib
                0x0000027e       0x5a c:/program files (x86)/atmel/studio/7.0/toolchain/avr8/avr8-gnu-toolchain/bin/../lib/gcc/avr/5.4.0/../../../../avr/lib/avrxmega2\libm.a(log.o)
                0x000002d8                . = ALIGN (0x2)
                0x000002d8                __trampolines_start = .
 *(.trampolines)
 .trampolines   0x000002d8        0x0 linker stubs
 *(.trampolines*)
                0x000002d8                __trampolines_end = .
 *libprintf_flt.a:*(.progmem.data)
 *libc.a:*(.progmem.data)
 *(.progmem*)
                0x000002d8                . = ALIGN (0x2)
 *(.jumptables)
 *(.jumptables*)
 *(.lowtext)
 *(.lowtext*)
                0x000002d8                __ctors_start = .
 *(.ctors)
 .ctors         0x000002d8        0x2 main.o
                0x000002da                __ctors_end = .
                0x000002da                __dtors_start = .
 *(.dtors)
 .dtors         0x000002da        0x2 main.o
                0x000002dc                __dtors_end = .
 SORT(*)(.ctors)
 SORT(*)(.dtors)
 *(.init0)
 .init0         0x000002dc        0x0 C:/Program Files (x86)/Atmel/Studio/7.0/Packs/atmel/XMEGAA_DFP/1.1.68/gcc/dev/atxmega32a4/avrxmega2/crtatxmega32a4.o
                0x000002dc                __init
 *(.init0)
 *(.init1)
 *(.init1)
 *(.init2)
 .init2         0x000002dc        0xc C:/Program Files (x86)/Atmel/Studio/7.0/Packs/atmel/XMEGAA_DFP/1.1.68/gcc/dev/atxmega32a4/avrxmega2/crtatxmega32a4.o
 *(.init2)
 *(.init3)
 *(.init3)
 *(.init4)
 .init4         0x000002e8       0x16 c:/program files (x86)/atmel/studio/7.0/toolchain/avr8/avr8-gnu-toolchain/bin/../lib/gcc/avr/5.4.0/avrxmega2\libgcc.a(_copy_data.o)
                0x000002e8                __do_copy_data
 .init4         0x000002fe       0x10 c:/program files (x86)/atmel/studio/7.0/toolchain/avr8/avr8-gnu-toolchain/bin/../lib/gcc/avr/5.4.0/avrxmega2\libgcc.a(_clear_bss.o)
                0x000002fe                __do_clear_bss
 *(.init4)
 *(.init5)
 *(.init5)
 *(.init6)
 .init6         0x0000030e       0x16 c:/program files (x86)/atmel/studio/7.0/toolchain/avr8/avr8-gnu-toolchain/bin/../lib/gcc/avr/5.4.0/avrxmega2\libgcc.a(_ctors.o)
                0x0000030e                __do_global_ctors
 *(.init6)
 *(.init7)
 *(.init7)
 *(.init8)
 *(.init8)
 *(.init9)
 .init9         0x00000324        0x8 C:/Program Files (x86)/Atmel/Studio/7.0/Packs/atmel/XMEGAA_DFP/1.1.68/gcc/dev/atxmega32a4/avrxmega2/crtatxmega32a4.o
 *(.init9)
 *(.text)
 .text          0x0000032c        0x4 C:/Program Files (x86)/Atmel/Studio/7.0/Packs/atmel/XMEGAA_DFP/1.1.68/gcc/dev/atxmega32a4/avrxmega2/crtatxmega32a4.o
                0x0000032c                __vector_38
                0x0000032c                __vector_22
                0x0000032c                __vector_63
                0x0000032c                __vector_1
                0x0000032c                __vector_32
                0x0000032c                __vector_75
                0x0000032c                __vector_71
                0x0000032c                __vector_91
                0x0000032c                __vector_34
                0x0000032c                __vector_62
                0x0000032c                __vector_77
                0x0000032c                __vector_24
                0x0000032c                __vector_12
                0x0000032c                __vector_55
                0x0000032c                __vector_69
                0x0000032c                __vector_81
                0x0000032c                __vector_90
                0x0000032c                __vector_46
                0x0000032c                __bad_interrupt
                0x0000032c                __vector_72
                0x0000032c                __vector_6
                0x0000032c                __vector_31
                0x0000032c                __vector_92
                0x0000032c                __vector_35
                0x0000032c                __vector_78
                0x0000032c                __vector_74
                0x0000032c                __vector_39
                0x0000032c                __vector_3
                0x0000032c                __vector_23
                0x0000032c                __vector_68
                0x0000032c                __vector_30
                0x0000032c                __vector_73
                0x0000032c                __vector_45
                0x0000032c                __vector_25
                0x0000032c                __vector_93
                0x0000032c                __vector_61
                0x0000032c                __vector_11
                0x0000032c                __vector_54
                0x0000032c                __vector_13
                0x0000032c                __vector_17
                0x0000032c                __vector_19
                0x0000032c                __vector_56
                0x0000032c                __vector_7
                0x0000032c                __vector_49
                0x0000032c                __vector_41
                0x0000032c                __vector_86
                0x0000032c                __vector_64
                0x0000032c                __vector_88
                0x0000032c                __vector_43
                0x0000032c                __vector_27
                0x0000032c                __vector_5
                0x0000032c                __vector_33
                0x0000032c                __vector_76
                0x0000032c                __vector_47
                0x0000032c                __vector_52
                0x0000032c                __vector_37
                0x0000032c                __vector_89
                0x0000032c                __vector_4
                0x0000032c                __vector_44
                0x0000032c                __vector_82
                0x0000032c                __vector_51
                0x0000032c                __vector_9
                0x0000032c                __vector_2
                0x0000032c                __vector_21
                0x0000032c                __vector_15
                0x0000032c                __vector_36
                0x0000032c                __vector_79
                0x0000032c                __vector_58
                0x0000032c                __vector_70
                0x0000032c                __vector_83
                0x0000032c                __vector_29
                0x0000032c                __vector_60
                0x0000032c                __vector_40
                0x0000032c                __vector_85
                0x0000032c                __vector_8
                0x0000032c                __vector_26
                0x0000032c                __vector_48
                0x0000032c                __vector_80
                0x0000032c                __vector_14
                0x0000032c                __vector_84
                0x0000032c                __vector_57
                0x0000032c                __vector_53
                0x0000032c                __vector_10
                0x0000032c                __vector_50
                0x0000032c                __vector_16
                0x0000032c                __vector_59
                0x0000032c                __vector_18
                0x0000032c                __vector_20
                0x0000032c                __vector_42
                0x0000032c                __vector_87
                0x0000032c                __vector_65
                0x00000330                . = ALIGN (0x2)
 *(.text.*)
 .text._ZN22AnalogDigitalConverter16initialisiereADCEv
                0x00000330       0x18 AnalogDigitalConverter.o
                0x00000330                _ZN22AnalogDigitalConverter16initialisiereADCEv
 .text._ZN22AnalogDigitalConverterC2Ech
                0x00000348       0x40 AnalogDigitalConverter.o
                0x00000348                _ZN22AnalogDigitalConverterC1Ech
                0x00000348                _ZN22AnalogDigitalConverterC2Ech
 .text._ZN22AnalogDigitalConverter8getValueEv
                0x00000388      0x162 AnalogDigitalConverter.o
                0x00000388                _ZN22AnalogDigitalConverter8getValueEv
 .text._ZN22AnalogDigitalConverterD2Ev
                0x000004ea        0x2 AnalogDigitalConverter.o
                0x000004ea                _ZN22AnalogDigitalConverterD2Ev
                0x000004ea                _ZN22AnalogDigitalConverterD1Ev
 .text._Z12Display_Initv
                0x000004ec        0x6 Bildschirmausgaben.o
                0x000004ec                _Z12Display_Initv
 .text._Z14BootBildschirmv
                0x000004f2       0x1e Bildschirmausgaben.o
                0x000004f2                _Z14BootBildschirmv
 .text._Z14IdleBildschirmv
                0x00000510       0x26 Bildschirmausgaben.o
                0x00000510                _Z14IdleBildschirmv
 .text._Z24Max_Fuellmaenge_beachtenj
                0x00000536       0x32 Bildschirmausgaben.o
                0x00000536                _Z24Max_Fuellmaenge_beachtenj
 .text._Z37Bildschirmausgabe_Rezeptur_einlesen_1v
                0x00000568       0x1e Bildschirmausgaben.o
                0x00000568                _Z37Bildschirmausgabe_Rezeptur_einlesen_1v
 .text._Z37Bildschirmausgabe_Rezeptur_einlesen_2j
                0x00000586       0x42 Bildschirmausgaben.o
                0x00000586                _Z37Bildschirmausgabe_Rezeptur_einlesen_2j
 .text._Z36Debug_Pin_Nummer_nicht_initialisiertv
                0x000005c8       0x12 Bildschirmausgaben.o
                0x000005c8                _Z36Debug_Pin_Nummer_nicht_initialisiertv
 .text._Z8Bit_Testhh
                0x000005da       0x18 Bitoperationen.o
                0x000005da                _Z8Bit_Testhh
 .text._Z7Bit_SetPyh
                0x000005f2       0x4e Bitoperationen.o
                0x000005f2                _Z7Bit_SetPyh
 .text._Z9Bit_ClearPyh
                0x00000640       0x5e Bitoperationen.o
                0x00000640                _Z9Bit_ClearPyh
 .text._Z7Dez2BinPy
                0x0000069e      0x138 Bitoperationen.o
                0x0000069e                _Z7Dez2BinPy
 .text._Z17bringMe2IdleStatev
                0x000007d6       0x8e BringMe2IdleState.o
                0x000007d6                _Z17bringMe2IdleStatev
 .text._Z23verfahre_Fader_auf_WertPiP6PwmPinP22AnalogDigitalConverterP11Fader_Motor
                0x00000864      0x4d2 Faderbewegung.o
                0x00000864                _Z23verfahre_Fader_auf_WertPiP6PwmPinP22AnalogDigitalConverterP11Fader_Motor
 .text._Z37verfahre_alle_Fader_auf_gleichen_werth
                0x00000d36      0x490 Faderbewegung.o
                0x00000d36                _Z37verfahre_alle_Fader_auf_gleichen_werth
 .text._Z35normiere_ProzentWert_auf_Fader_Wertd
                0x000011c6      0x108 Faderbewegung.o
                0x000011c6                _Z35normiere_ProzentWert_auf_Fader_Wertd
 .text._Z29normiere_Array_auf_Fader_WertPi
                0x000012ce       0x8c Faderbewegung.o
                0x000012ce                _Z29normiere_Array_auf_Fader_WertPi
 .text._ZN11Fader_Motor13Disable_MotorEv
                0x0000135a        0xe Fader_Motor.o
                0x0000135a                _ZN11Fader_Motor13Disable_MotorEv
 .text._ZN11Fader_Motor12Enable_MotorEv
                0x00001368        0xe Fader_Motor.o
                0x00001368                _ZN11Fader_Motor12Enable_MotorEv
 .text._ZN11Fader_Motor12get_DrehsinnEv
                0x00001376        0x6 Fader_Motor.o
                0x00001376                _ZN11Fader_Motor12get_DrehsinnEv
 .text._ZN11Fader_Motor18setze_DrehrichtungEb
                0x0000137c       0x8a Fader_Motor.o
                0x0000137c                _ZN11Fader_Motor18setze_DrehrichtungEb
 .text._ZN11Fader_MotorC2EP6PwmPinP10IC_74HC595h
                0x00001406       0x14 Fader_Motor.o
                0x00001406                _ZN11Fader_MotorC2EP6PwmPinP10IC_74HC595h
                0x00001406                _ZN11Fader_MotorC1EP6PwmPinP10IC_74HC595h
 .text._ZN10IC_74HC595C2Ehh
                0x0000141a        0x8 IC_74HC595.o
                0x0000141a                _ZN10IC_74HC595C1Ehh
                0x0000141a                _ZN10IC_74HC595C2Ehh
 .text._ZN10IC_74HC5958get_WertEv
                0x00001422        0x6 IC_74HC595.o
                0x00001422                _ZN10IC_74HC5958get_WertEv
 .text._ZN10IC_74HC59510get_NummerEv
                0x00001428        0x6 IC_74HC595.o
                0x00001428                _ZN10IC_74HC59510get_NummerEv
 .text._ZN10IC_74HC59516Bits_hinzufuegenEh
                0x0000142e        0xa IC_74HC595.o
                0x0000142e                _ZN10IC_74HC59516Bits_hinzufuegenEh
 .text._ZN10IC_74HC59513Bits_loeschenEh
                0x00001438       0x44 IC_74HC595.o
                0x00001438                _ZN10IC_74HC59513Bits_loeschenEh
 .text._Z10Clock_initv
                0x0000147c       0x1c Init_XMEGA.o
                0x0000147c                _Z10Clock_initv
 .text._Z10Init_XMEGAv
                0x00001498        0x6 Init_XMEGA.o
                0x00001498                _Z10Init_XMEGAv
 .text._ZL7lcd_outh
                0x0000149e       0x62 lcd-routines.o
 .text._Z8lcd_datah
                0x00001500       0x2a lcd-routines.o
                0x00001500                _Z8lcd_datah
 .text._Z11lcd_commandh
                0x0000152a       0x2a lcd-routines.o
                0x0000152a                _Z11lcd_commandh
 .text._Z9lcd_clearv
                0x00001554       0x14 lcd-routines.o
                0x00001554                _Z9lcd_clearv
 .text._Z8lcd_initv
                0x00001568       0xc2 lcd-routines.o
                0x00001568                _Z8lcd_initv
 .text._Z13lcd_setcursorhh
                0x0000162a       0x2a lcd-routines.o
                0x0000162a                _Z13lcd_setcursorhh
 .text._Z10lcd_stringPKc
                0x00001654       0x1e lcd-routines.o
                0x00001654                _Z10lcd_stringPKc
 .text._ZN3LED11schalte_ausEv
                0x00001672       0x8e LED.o
                0x00001672                _ZN3LED11schalte_ausEv
 .text._ZN3LEDC2EhP10IC_74HC595
                0x00001700        0xe LED.o
                0x00001700                _ZN3LEDC2EhP10IC_74HC595
                0x00001700                _ZN3LEDC1EhP10IC_74HC595
 .text._ZN3LED11schalte_einEv
                0x0000170e       0x90 LED.o
                0x0000170e                _ZN3LED11schalte_einEv
 .text._ZN3LED12lese_ZustandEv
                0x0000179e        0x6 LED.o
                0x0000179e                _ZN3LED12lese_ZustandEv
 .text._Z15Initialisierungv
                0x000017a4       0x5a main.o
                0x000017a4                _Z15Initialisierungv
 .text._Z15SchalteKranzAusv
                0x000017fe       0x46 main.o
                0x000017fe                _Z15SchalteKranzAusv
 .text._Z20SchalteLEDAnKranzEinh
                0x00001844       0x30 main.o
                0x00001844                _Z20SchalteLEDAnKranzEinh
 .text.main     0x00001874      0x1b0 main.o
                0x00001874                main
 .text.__vector_66
                0x00001a24       0xaa main.o
                0x00001a24                __vector_66
 .text.__vector_67
                0x00001ace       0xa4 main.o
                0x00001ace                __vector_67
 .text._GLOBAL__sub_I_Stoptaster
                0x00001b72      0x2ea main.o
 .text._GLOBAL__sub_D_Stoptaster
                0x00001e5c       0x46 main.o
 .text._ZN3PinC2Ev
                0x00001ea2        0x2 Pin.o
                0x00001ea2                _ZN3PinC2Ev
                0x00001ea2                _ZN3PinC1Ev
 .text._ZN3Pin9lese_PortEv
                0x00001ea4        0x6 Pin.o
                0x00001ea4                _ZN3Pin9lese_PortEv
 .text._ZN3Pin14lese_PinNummerEv
                0x00001eaa        0x6 Pin.o
                0x00001eaa                _ZN3Pin14lese_PinNummerEv
 .text._ZN3Pin10setze_PortEc
                0x00001eb0        0x6 Pin.o
                0x00001eb0                _ZN3Pin10setze_PortEc
 .text._ZN3Pin15setze_PinNummerEh
                0x00001eb6        0x6 Pin.o
                0x00001eb6                _ZN3Pin15setze_PinNummerEh
 .text._ZN3Pin14setze_RichtungEb
                0x00001ebc        0x6 Pin.o
                0x00001ebc                _ZN3Pin14setze_RichtungEb
 .text._ZN3Pin16initialisierePinEv
                0x00001ec2      0x430 Pin.o
                0x00001ec2                _ZN3Pin16initialisierePinEv
 .text._ZN3PinC2Echb
                0x000022f2        0xe Pin.o
                0x000022f2                _ZN3PinC1Echb
                0x000022f2                _ZN3PinC2Echb
 .text._ZN3Pin12setze_StatusEb
                0x00002300      0x4ca Pin.o
                0x00002300                _ZN3Pin12setze_StatusEb
 .text._Z17Rezeptur_einlesenv
                0x000027ca      0x314 Potentiometer.o
                0x000027ca                _Z17Rezeptur_einlesenv
 .text._ZN12Pumpenklasse17deaktiviere_PumpeEv
                0x00002ade       0x8c Pumpenklasse.o
                0x00002ade                _ZN12Pumpenklasse17deaktiviere_PumpeEv
 .text._ZN12PumpenklasseC2EhP10IC_74HC595
                0x00002b6a       0x10 Pumpenklasse.o
                0x00002b6a                _ZN12PumpenklasseC2EhP10IC_74HC595
                0x00002b6a                _ZN12PumpenklasseC1EhP10IC_74HC595
 .text._ZN12Pumpenklasse15aktiviere_PumpeEv
                0x00002b7a       0x8c Pumpenklasse.o
                0x00002b7a                _ZN12Pumpenklasse15aktiviere_PumpeEv
 .text._ZN12PumpenklasseD2Ev
                0x00002c06        0x2 Pumpenklasse.o
                0x00002c06                _ZN12PumpenklasseD2Ev
                0x00002c06                _ZN12PumpenklasseD1Ev
 .text._Z23deaktiviere_PumpenarrayP12Pumpenklasse
                0x00002c08       0x28 Pumpensteuerung.o
                0x00002c08                _Z23deaktiviere_PumpenarrayP12Pumpenklasse
 .text._Z17Rezeptur_ausgebenP12Pumpenklasse
                0x00002c30      0x124 Pumpensteuerung.o
                0x00002c30                _Z17Rezeptur_ausgebenP12Pumpenklasse
 .text._ZN6PwmPin13set_DutycycleEd
                0x00002d54      0x15e PwmPin.o
                0x00002d54                _ZN6PwmPin13set_DutycycleEd
 .text._ZN6PwmPin13get_DutycycleEv
                0x00002eb2        0xc PwmPin.o
                0x00002eb2                _ZN6PwmPin13get_DutycycleEv
 .text._ZN6PwmPin14set_PWM_statusEb
                0x00002ebe      0x17c PwmPin.o
                0x00002ebe                _ZN6PwmPin14set_PWM_statusEb
 .text._ZN6PwmPin19initialisierePWMPinEv
                0x0000303a       0x46 PwmPin.o
                0x0000303a                _ZN6PwmPin19initialisierePWMPinEv
 .text._ZN6PwmPinC2Eddch
                0x00003080       0x7e PwmPin.o
                0x00003080                _ZN6PwmPinC2Eddch
                0x00003080                _ZN6PwmPinC1Eddch
 .text._ZN6PwmPinD2Ev
                0x000030fe        0x2 PwmPin.o
                0x000030fe                _ZN6PwmPinD1Ev
                0x000030fe                _ZN6PwmPinD2Ev
 .text._ZN15SchieberegisterC2Ev
                0x00003100       0x48 Schieberegister.o
                0x00003100                _ZN15SchieberegisterC1Ev
                0x00003100                _ZN15SchieberegisterC2Ev
 .text._ZN15Schieberegister18Setze_Ist_auf_SollEv
                0x00003148       0x42 Schieberegister.o
                0x00003148                _ZN15Schieberegister18Setze_Ist_auf_SollEv
 .text._ZN15Schieberegister29aktualisiere_neuen_einzelWertEhh
                0x0000318a       0x64 Schieberegister.o
                0x0000318a                _ZN15Schieberegister29aktualisiere_neuen_einzelWertEhh
 .text._ZN15Schieberegister29aktualisiere_neuen_einzelWertE10IC_74HC595
                0x000031ee       0x42 Schieberegister.o
                0x000031ee                _ZN15Schieberegister29aktualisiere_neuen_einzelWertE10IC_74HC595
 .text._ZN15Schieberegister13Output_EnableEv
                0x00003230        0xc Schieberegister.o
                0x00003230                _ZN15Schieberegister13Output_EnableEv
 .text._ZN15Schieberegister14Output_DisableEv
                0x0000323c        0xc Schieberegister.o
                0x0000323c                _ZN15Schieberegister14Output_DisableEv
 .text._ZN15Schieberegister20Reset_Shift_RegisterEv
                0x00003248       0x36 Schieberegister.o
                0x00003248                _ZN15Schieberegister20Reset_Shift_RegisterEv
 .text._ZN15Schieberegister26Aktualisiere_Alle_RegisterEv
                0x0000327e        0xe Schieberegister.o
                0x0000327e                _ZN15Schieberegister26Aktualisiere_Alle_RegisterEv
 .text._ZN15Schieberegister35Schiebe_Datum_in_ShiftRegisterketteEh
                0x0000328c       0x46 Schieberegister.o
                0x0000328c                _ZN15Schieberegister35Schiebe_Datum_in_ShiftRegisterketteEh
 .text._ZN15Schieberegister28Aktualisiere_ist_gleich_SollEb
                0x000032d2       0x4e Schieberegister.o
                0x000032d2                _ZN15Schieberegister28Aktualisiere_ist_gleich_SollEb
 .text._Z30aktualisiere_alle_Gliederwertev
                0x00003320       0x2c Schieberegister_Operationen.o
                0x00003320                _Z30aktualisiere_alle_Gliederwertev
 .text._Z17int_to_char_arrayj
                0x0000334c       0x4a StringOperationen.o
                0x0000334c                _Z17int_to_char_arrayj
 .text._Z9UART_initv
                0x00003396       0x26 UART.o
                0x00003396                _Z9UART_initv
 .text._Z9Send_UARTPc
                0x000033bc       0x3e UART.o
                0x000033bc                _Z9Send_UARTPc
 .text._Z19release_uart_stringv
                0x000033fa        0xa UART.o
                0x000033fa                _Z19release_uart_stringv
 .text._Z26release_global_uart_stringv
                0x00003404        0xa UART.o
                0x00003404                _Z26release_global_uart_stringv
 .text._Z8char2intc
                0x0000340e       0x52 UART.o
                0x0000340e                _Z8char2intc
 .text._Z9Array2IntPch
                0x00003460       0xc6 UART.o
                0x00003460                _Z9Array2IntPch
 .text.__vector_28
                0x00003526      0x1c4 UART.o
                0x00003526                __vector_28
 .text._Z18Rezeptur_berechnenv
                0x000036ea       0x28 uart_string_handling.o
                0x000036ea                _Z18Rezeptur_berechnenv
 .text.avr-libc.fplib
                0x00003712        0xe c:/program files (x86)/atmel/studio/7.0/toolchain/avr8/avr8-gnu-toolchain/bin/../lib/gcc/avr/5.4.0/../../../../avr/lib/avrxmega2\libm.a(addsf3.o)
                0x00003712                __subsf3
                0x00003714                __addsf3
 .text.avr-libc.fplib
                0x00003720       0xcc c:/program files (x86)/atmel/studio/7.0/toolchain/avr8/avr8-gnu-toolchain/bin/../lib/gcc/avr/5.4.0/../../../../avr/lib/avrxmega2\libm.a(addsf3x.o)
                0x00003742                __addsf3x
 .text.avr-libc.fplib
                0x000037ec        0xa c:/program files (x86)/atmel/studio/7.0/toolchain/avr8/avr8-gnu-toolchain/bin/../lib/gcc/avr/5.4.0/../../../../avr/lib/avrxmega2\libm.a(cmpsf2.o)
                0x000037ec                __nesf2
                0x000037ec                __eqsf2
                0x000037ec                __cmpsf2
                0x000037ec                __ltsf2
                0x000037ec                __lesf2
 .text.avr-libc.fplib
                0x000037f6        0x8 c:/program files (x86)/atmel/studio/7.0/toolchain/avr8/avr8-gnu-toolchain/bin/../lib/gcc/avr/5.4.0/../../../../avr/lib/avrxmega2\libm.a(divsf3.o)
                0x000037f6                __divsf3
 .text.avr-libc.fplib
                0x000037fe       0xdc c:/program files (x86)/atmel/studio/7.0/toolchain/avr8/avr8-gnu-toolchain/bin/../lib/gcc/avr/5.4.0/../../../../avr/lib/avrxmega2\libm.a(divsf3x.o)
                0x0000381e                __divsf3x
                0x00003824                __divsf3_pse
 .text.avr-libc.fplib
                0x000038da        0xe c:/program files (x86)/atmel/studio/7.0/toolchain/avr8/avr8-gnu-toolchain/bin/../lib/gcc/avr/5.4.0/../../../../avr/lib/avrxmega2\libm.a(fixsfsi.o)
                0x000038da                __fixsfsi
 .text.avr-libc.fplib
                0x000038e8       0x5e c:/program files (x86)/atmel/studio/7.0/toolchain/avr8/avr8-gnu-toolchain/bin/../lib/gcc/avr/5.4.0/../../../../avr/lib/avrxmega2\libm.a(fixunssfsi.o)
                0x000038e8                __fixunssfsi
 .text.avr-libc.fplib
                0x00003946       0x7a c:/program files (x86)/atmel/studio/7.0/toolchain/avr8/avr8-gnu-toolchain/bin/../lib/gcc/avr/5.4.0/../../../../avr/lib/avrxmega2\libm.a(floatsisf.o)
                0x00003946                __floatunsisf
                0x0000394a                __floatsisf
 .text.avr-libc.fplib
                0x000039c0       0x48 c:/program files (x86)/atmel/studio/7.0/toolchain/avr8/avr8-gnu-toolchain/bin/../lib/gcc/avr/5.4.0/../../../../avr/lib/avrxmega2\libm.a(fp_cmp.o)
                0x000039c0                __fp_cmp
 .text.avr-libc.fplib
                0x00003a08        0xc c:/program files (x86)/atmel/studio/7.0/toolchain/avr8/avr8-gnu-toolchain/bin/../lib/gcc/avr/5.4.0/../../../../avr/lib/avrxmega2\libm.a(fp_inf.o)
                0x00003a08                __fp_inf
 .text.avr-libc.fplib
                0x00003a14        0x6 c:/program files (x86)/atmel/studio/7.0/toolchain/avr8/avr8-gnu-toolchain/bin/../lib/gcc/avr/5.4.0/../../../../avr/lib/avrxmega2\libm.a(fp_nan.o)
                0x00003a14                __fp_nan
 .text.avr-libc.fplib
                0x00003a1a        0xe c:/program files (x86)/atmel/studio/7.0/toolchain/avr8/avr8-gnu-toolchain/bin/../lib/gcc/avr/5.4.0/../../../../avr/lib/avrxmega2\libm.a(fp_pscA.o)
                0x00003a1a                __fp_pscA
 .text.avr-libc.fplib
                0x00003a28        0xe c:/program files (x86)/atmel/studio/7.0/toolchain/avr8/avr8-gnu-toolchain/bin/../lib/gcc/avr/5.4.0/../../../../avr/lib/avrxmega2\libm.a(fp_pscB.o)
                0x00003a28                __fp_pscB
 .text.avr-libc.fplib
                0x00003a36       0x22 c:/program files (x86)/atmel/studio/7.0/toolchain/avr8/avr8-gnu-toolchain/bin/../lib/gcc/avr/5.4.0/../../../../avr/lib/avrxmega2\libm.a(fp_round.o)
                0x00003a36                __fp_round
 .text.avr-libc.fplib
                0x00003a58       0x44 c:/program files (x86)/atmel/studio/7.0/toolchain/avr8/avr8-gnu-toolchain/bin/../lib/gcc/avr/5.4.0/../../../../avr/lib/avrxmega2\libm.a(fp_split3.o)
                0x00003a58                __fp_split3
                0x00003a68                __fp_splitA
 .text.avr-libc.fplib
                0x00003a9c        0xe c:/program files (x86)/atmel/studio/7.0/toolchain/avr8/avr8-gnu-toolchain/bin/../lib/gcc/avr/5.4.0/../../../../avr/lib/avrxmega2\libm.a(fp_zero.o)
                0x00003a9c                __fp_zero
                0x00003a9e                __fp_szero
 .text.avr-libc.fplib
                0x00003aaa        0xa c:/program files (x86)/atmel/studio/7.0/toolchain/avr8/avr8-gnu-toolchain/bin/../lib/gcc/avr/5.4.0/../../../../avr/lib/avrxmega2\libm.a(gesf2.o)
                0x00003aaa                __gesf2
                0x00003aaa                __gtsf2
 .text.avr-libc.fplib
                0x00003ab4        0x8 c:/program files (x86)/atmel/studio/7.0/toolchain/avr8/avr8-gnu-toolchain/bin/../lib/gcc/avr/5.4.0/../../../../avr/lib/avrxmega2\libm.a(mulsf3.o)
                0x00003ab4                __mulsf3
 .text.avr-libc.fplib
                0x00003abc       0xd2 c:/program files (x86)/atmel/studio/7.0/toolchain/avr8/avr8-gnu-toolchain/bin/../lib/gcc/avr/5.4.0/../../../../avr/lib/avrxmega2\libm.a(mulsf3x.o)
                0x00003ada                __mulsf3x
                0x00003ae0                __mulsf3_pse
 .text.avr-libc.fplib
                0x00003b8e       0xa0 c:/program files (x86)/atmel/studio/7.0/toolchain/avr8/avr8-gnu-toolchain/bin/../lib/gcc/avr/5.4.0/../../../../avr/lib/avrxmega2\libm.a(pow.o)
                0x00003b8e                pow
 .text.avr-libc.fplib
                0x00003c2e       0x48 c:/program files (x86)/atmel/studio/7.0/toolchain/avr8/avr8-gnu-toolchain/bin/../lib/gcc/avr/5.4.0/../../../../avr/lib/avrxmega2\libm.a(round.o)
                0x00003c2e                round
 .text.avr-libc.fplib
                0x00003c76       0x74 c:/program files (x86)/atmel/studio/7.0/toolchain/avr8/avr8-gnu-toolchain/bin/../lib/gcc/avr/5.4.0/../../../../avr/lib/avrxmega2\libm.a(exp.o)
                0x00003c86                exp
 .text.avr-libc.fplib
                0x00003cea       0x36 c:/program files (x86)/atmel/studio/7.0/toolchain/avr8/avr8-gnu-toolchain/bin/../lib/gcc/avr/5.4.0/../../../../avr/lib/avrxmega2\libm.a(fp_mintl.o)
                0x00003cea                __fp_mintl
 .text.avr-libc.fplib
                0x00003d20       0x1c c:/program files (x86)/atmel/studio/7.0/toolchain/avr8/avr8-gnu-toolchain/bin/../lib/gcc/avr/5.4.0/../../../../avr/lib/avrxmega2\libm.a(fp_mpack.o)
                0x00003d20                __fp_mpack
                0x00003d24                __fp_mpack_finite
 .text.avr-libc.fplib
                0x00003d3c       0x4e c:/program files (x86)/atmel/studio/7.0/toolchain/avr8/avr8-gnu-toolchain/bin/../lib/gcc/avr/5.4.0/../../../../avr/lib/avrxmega2\libm.a(fp_powser.o)
                0x00003d3c                __fp_powser
 .text.avr-libc.fplib
                0x00003d8a       0x10 c:/program files (x86)/atmel/studio/7.0/toolchain/avr8/avr8-gnu-toolchain/bin/../lib/gcc/avr/5.4.0/../../../../avr/lib/avrxmega2\libm.a(inverse.o)
                0x00003d8a                inverse
 .text.avr-libc.fplib
                0x00003d9a       0x74 c:/program files (x86)/atmel/studio/7.0/toolchain/avr8/avr8-gnu-toolchain/bin/../lib/gcc/avr/5.4.0/../../../../avr/lib/avrxmega2\libm.a(ldexp.o)
                0x00003da2                ldexp
 .text.avr-libc.fplib
                0x00003e0e       0xa0 c:/program files (x86)/atmel/studio/7.0/toolchain/avr8/avr8-gnu-toolchain/bin/../lib/gcc/avr/5.4.0/../../../../avr/lib/avrxmega2\libm.a(log.o)
                0x00003e1e                log
 .text.avr-libc.fplib
                0x00003eae       0x68 c:/program files (x86)/atmel/studio/7.0/toolchain/avr8/avr8-gnu-toolchain/bin/../lib/gcc/avr/5.4.0/../../../../avr/lib/avrxmega2\libm.a(modf.o)
                0x00003eae                modf
                0x00003eae                modff
 .text.libgcc.div
                0x00003f16       0x28 c:/program files (x86)/atmel/studio/7.0/toolchain/avr8/avr8-gnu-toolchain/bin/../lib/gcc/avr/5.4.0/avrxmega2\libgcc.a(_divmodhi4.o)
                0x00003f16                _div
                0x00003f16                __divmodhi4
 .text.libgcc   0x00003f3e        0xc c:/program files (x86)/atmel/studio/7.0/toolchain/avr8/avr8-gnu-toolchain/bin/../lib/gcc/avr/5.4.0/avrxmega2\libgcc.a(_tablejump2.o)
                0x00003f3e                __tablejump2__
 .text.libgcc.builtins
                0x00003f4a       0x32 c:/program files (x86)/atmel/studio/7.0/toolchain/avr8/avr8-gnu-toolchain/bin/../lib/gcc/avr/5.4.0/avrxmega2\libgcc.a(_ashldi3.o)
                0x00003f4a                __ashldi3
 .text.libgcc   0x00003f7c       0x18 c:/program files (x86)/atmel/studio/7.0/toolchain/avr8/avr8-gnu-toolchain/bin/../lib/gcc/avr/5.4.0/avrxmega2\libgcc.a(_adddi3_s8.o)
                0x00003f7c                __adddi3_s8
 .text.libgcc   0x00003f94       0x18 c:/program files (x86)/atmel/studio/7.0/toolchain/avr8/avr8-gnu-toolchain/bin/../lib/gcc/avr/5.4.0/avrxmega2\libgcc.a(_cmpdi2_s8.o)
                0x00003f94                __cmpdi2_s8
 .text.libgcc.div
                0x00003fac       0x28 c:/program files (x86)/atmel/studio/7.0/toolchain/avr8/avr8-gnu-toolchain/bin/../lib/gcc/avr/5.4.0/avrxmega2\libgcc.a(_udivmodhi4.o)
                0x00003fac                __udivmodhi4
 .text.avr-libc
                0x00003fd4       0x44 c:/program files (x86)/atmel/studio/7.0/toolchain/avr8/avr8-gnu-toolchain/bin/../lib/gcc/avr/5.4.0/../../../../avr/lib/avrxmega2\libc.a(sprintf.o)
                0x00003fd4                sprintf
 .text.avr-libc
                0x00004018      0x3c2 c:/program files (x86)/atmel/studio/7.0/toolchain/avr8/avr8-gnu-toolchain/bin/../lib/gcc/avr/5.4.0/../../../../avr/lib/avrxmega2\libc.a(vfprintf_std.o)
                0x00004018                vfprintf
 .text.avr-libc
                0x000043da       0x16 c:/program files (x86)/atmel/studio/7.0/toolchain/avr8/avr8-gnu-toolchain/bin/../lib/gcc/avr/5.4.0/../../../../avr/lib/avrxmega2\libc.a(strnlen_P.o)
                0x000043da                strnlen_P
 .text.avr-libc
                0x000043f0       0x16 c:/program files (x86)/atmel/studio/7.0/toolchain/avr8/avr8-gnu-toolchain/bin/../lib/gcc/avr/5.4.0/../../../../avr/lib/avrxmega2\libc.a(strnlen.o)
                0x000043f0                strnlen
 .text.avr-libc
                0x00004406       0x78 c:/program files (x86)/atmel/studio/7.0/toolchain/avr8/avr8-gnu-toolchain/bin/../lib/gcc/avr/5.4.0/../../../../avr/lib/avrxmega2\libc.a(fputc.o)
                0x00004406                fputc
 .text.avr-libc
                0x0000447e       0xbc c:/program files (x86)/atmel/studio/7.0/toolchain/avr8/avr8-gnu-toolchain/bin/../lib/gcc/avr/5.4.0/../../../../avr/lib/avrxmega2\libc.a(ultoa_invert.o)
                0x0000447e                __ultoa_invert
 .text.libgcc.prologue
                0x0000453a       0x32 c:/program files (x86)/atmel/studio/7.0/toolchain/avr8/avr8-gnu-toolchain/bin/../lib/gcc/avr/5.4.0/avrxmega2\libgcc.a(_prologue.o)
                0x0000453a                __prologue_saves__
 .text.libgcc.prologue
                0x0000456c       0x30 c:/program files (x86)/atmel/studio/7.0/toolchain/avr8/avr8-gnu-toolchain/bin/../lib/gcc/avr/5.4.0/avrxmega2\libgcc.a(_epilogue.o)
                0x0000456c                __epilogue_restores__
                0x0000459c                . = ALIGN (0x2)
 *(.fini9)
 .fini9         0x0000459c        0x0 c:/program files (x86)/atmel/studio/7.0/toolchain/avr8/avr8-gnu-toolchain/bin/../lib/gcc/avr/5.4.0/avrxmega2\libgcc.a(_exit.o)
                0x0000459c                _exit
                0x0000459c                exit
 *(.fini9)
 *(.fini8)
 *(.fini8)
 *(.fini7)
 *(.fini7)
 *(.fini6)
 .fini6         0x0000459c       0x16 c:/program files (x86)/atmel/studio/7.0/toolchain/avr8/avr8-gnu-toolchain/bin/../lib/gcc/avr/5.4.0/avrxmega2\libgcc.a(_dtors.o)
                0x0000459c                __do_global_dtors
 *(.fini6)
 *(.fini5)
 *(.fini5)
 *(.fini4)
 *(.fini4)
 *(.fini3)
 *(.fini3)
 *(.fini2)
 *(.fini2)
 *(.fini1)
 *(.fini1)
 *(.fini0)
 .fini0         0x000045b2        0x4 c:/program files (x86)/atmel/studio/7.0/toolchain/avr8/avr8-gnu-toolchain/bin/../lib/gcc/avr/5.4.0/avrxmega2\libgcc.a(_exit.o)
 *(.fini0)
                0x000045b6                _etext = .

.data           0x00802000      0x19a load address 0x000045b6
                0x00802000                PROVIDE (__data_start, .)
 *(.data)
 *(.data*)
 .data.IntString
                0x00802000        0x3 main.o
                0x00802000                IntString
 .data.StartTasterIgnorieren
                0x00802003        0x1 main.o
                0x00802003                StartTasterIgnorieren
 .data.max_Rezeptmenge
                0x00802004        0x2 main.o
                0x00802004                max_Rezeptmenge
 .data.Drehrichtung
                0x00802006        0x6 main.o
                0x00802006                Drehrichtung
 .data.Gesammtzustand_ist
                0x0080200c        0x8 Schieberegister.o
                0x0080200c                Gesammtzustand_ist
 *(.gnu.linkonce.d*)
 *(.rodata)
 *(.rodata*)
 .rodata.str1.1
                0x00802014      0x12f Bildschirmausgaben.o
                                0x148 (size before relaxing)
 .rodata.str1.1
                0x00802143       0x2a main.o
 .rodata.Sprungmarke_Rezept_ausgeben
                0x0080216d        0x1 main.o
                0x0080216d                Sprungmarke_Rezept_ausgeben
 .rodata.Sprungmarke_Fader_einlesen
                0x0080216e        0x1 main.o
                0x0080216e                Sprungmarke_Fader_einlesen
 .rodata.Sprungmarke_Start_Gedrueckt
                0x0080216f        0x1 main.o
                0x0080216f                Sprungmarke_Start_Gedrueckt
 .rodata.Sprungmarke_Bring_me_to_Idle_State
                0x00802170        0x1 main.o
                0x00802170                Sprungmarke_Bring_me_to_Idle_State
 .rodata.str1.1
                0x00802171        0x6 StringOperationen.o
                                  0x9 (size before relaxing)
 .rodata.str1.1
                0x00802177       0x23 UART.o
 *(.gnu.linkonce.r*)
                0x0080219a                . = ALIGN (0x2)
                0x0080219a                _edata = .
                0x0080219a                PROVIDE (__data_end, .)

.bss            0x0080219a      0x1be
                0x0080219a                PROVIDE (__bss_start, .)
 *(.bss)
 *(.bss*)
 .bss.ArrayCounter
                0x0080219a        0x2 main.o
                0x0080219a                ArrayCounter
 .bss.intRezepte
                0x0080219c        0xc main.o
                0x0080219c                intRezepte
 .bss.remote_rezept
                0x008021a8        0x1 main.o
                0x008021a8                remote_rezept
 .bss.Prozentmengen
                0x008021a9        0x2 main.o
                0x008021a9                Prozentmengen
 .bss.Letzter_Status
                0x008021ab        0x2 main.o
                0x008021ab                Letzter_Status
 .bss.count_hash
                0x008021ad        0x1 main.o
                0x008021ad                count_hash
 .bss.count_plus
                0x008021ae        0x1 main.o
                0x008021ae                count_plus
 .bss.global_uart_string
                0x008021af       0x3d main.o
                0x008021af                global_uart_string
 .bss.global_uart_str_complete
                0x008021ec        0x1 main.o
                0x008021ec                global_uart_str_complete
 .bss.Rezept_Array
                0x008021ed        0xc main.o
                0x008021ed                Rezept_Array
 .bss.Kein_Offset_Abgleich_noetig
                0x008021f9        0x1 main.o
                0x008021f9                Kein_Offset_Abgleich_noetig
 .bss.LEDKranz  0x008021fa       0x18 main.o
                0x008021fa                LEDKranz
 .bss.StopTasterLED
                0x00802212        0x4 main.o
                0x00802212                StopTasterLED
 .bss.StartTasterLED
                0x00802216        0x4 main.o
                0x00802216                StartTasterLED
 .bss.FlagFaderRemote
                0x0080221a        0x1 main.o
                0x0080221a                FlagFaderRemote
 .bss.ProgrammablaufStatus
                0x0080221b        0x1 main.o
                0x0080221b                ProgrammablaufStatus
 .bss.Pumpenarray
                0x0080221c       0x1e main.o
                0x0080221c                Pumpenarray
 .bss.Motor_Fader_Array
                0x0080223a       0x24 main.o
                0x0080223a                Motor_Fader_Array
 .bss.FaderADC_Array
                0x0080225e       0x18 main.o
                0x0080225e                FaderADC_Array
 .bss.GliederVektor
                0x00802276        0xc main.o
                0x00802276                GliederVektor
 .bss.Schubverband
                0x00802282       0x14 main.o
                0x00802282                Schubverband
 .bss.Motor_Fader_Enable_Array
                0x00802296       0x4e main.o
                0x00802296                Motor_Fader_Enable_Array
 .bss.Shiftregister_Output_Enable
                0x008022e4        0x4 main.o
                0x008022e4                Shiftregister_Output_Enable
 .bss.Shiftregister_Storage_Register_Clock_Input
                0x008022e8        0x4 main.o
                0x008022e8                Shiftregister_Storage_Register_Clock_Input
 .bss.Shiftregister_Master_Reset
                0x008022ec        0x4 main.o
                0x008022ec                Shiftregister_Master_Reset
 .bss.Shiftregister_Clock_Input
                0x008022f0        0x4 main.o
                0x008022f0                Shiftregister_Clock_Input
 .bss.Shiftregister_Data_Input
                0x008022f4        0x4 main.o
                0x008022f4                Shiftregister_Data_Input
 .bss.Starttaster
                0x008022f8        0x4 main.o
                0x008022f8                Starttaster
 .bss.Stoptaster
                0x008022fc        0x4 main.o
                0x008022fc                Stoptaster
 .bss.Zeiger_Gesammtzustand_ist
                0x00802300        0x2 Schieberegister.o
                0x00802300                Zeiger_Gesammtzustand_ist
 .bss.Zeiger_Gesammtzustand_soll
                0x00802302        0x2 Schieberegister.o
                0x00802302                Zeiger_Gesammtzustand_soll
 .bss.Gesammtzustand_soll
                0x00802304        0x8 Schieberegister.o
                0x00802304                Gesammtzustand_soll
 .bss.t         0x0080230c        0x1 UART.o
                0x0080230c                t
 .bss.uart_string
                0x0080230d       0x3d UART.o
                0x0080230d                uart_string
 .bss.uart_str_count
                0x0080234a        0x1 UART.o
                0x0080234a                uart_str_count
 .bss.uart_str_complete
                0x0080234b        0x1 UART.o
                0x0080234b                uart_str_complete
 .bss._ZZ18Rezeptur_berechnenvE14iProzentmengen
                0x0080234c        0xc uart_string_handling.o
 *(COMMON)
                0x00802358                PROVIDE (__bss_end, .)
                0x000045b6                __data_load_start = LOADADDR (.data)
                0x00004750                __data_load_end = (__data_load_start + SIZEOF (.data))

.noinit         0x00802358        0x0
                [!provide]                PROVIDE (__noinit_start, .)
 *(.noinit*)
                [!provide]                PROVIDE (__noinit_end, .)
                0x00802358                _end = .
                [!provide]                PROVIDE (__heap_start, .)

.eeprom         0x00810000        0x0
 *(.eeprom*)
                0x00810000                __eeprom_end = .

.fuse
 *(.fuse)
 *(.lfuse)
 *(.hfuse)
 *(.efuse)

.lock
 *(.lock*)

.signature
 *(.signature*)

.user_signatures
 *(.user_signatures*)

.stab
 *(.stab)

.stabstr
 *(.stabstr)

.stab.excl
 *(.stab.excl)

.stab.exclstr
 *(.stab.exclstr)

.stab.index
 *(.stab.index)

.stab.indexstr
 *(.stab.indexstr)

.comment        0x00000000       0x5c
 *(.comment)
 .comment       0x00000000       0x30 AnalogDigitalConverter.o
                                 0x31 (size before relaxing)
 .comment       0x00000030       0x31 Bildschirmausgaben.o
 .comment       0x00000030       0x31 Bitoperationen.o
 .comment       0x00000030       0x31 BringMe2IdleState.o
 .comment       0x00000030       0x31 Faderbewegung.o
 .comment       0x00000030       0x31 Fader_Motor.o
 .comment       0x00000030       0x31 IC_74HC595.o
 .comment       0x00000030       0x31 Init_XMEGA.o
 .comment       0x00000030       0x31 lcd-routines.o
 .comment       0x00000030       0x31 LED.o
 .comment       0x00000030       0x31 main.o
 .comment       0x00000030       0x31 Pin.o
 .comment       0x00000030       0x31 Potentiometer.o
 .comment       0x00000030       0x31 Pumpenklasse.o
 .comment       0x00000030       0x31 Pumpensteuerung.o
 .comment       0x00000030       0x31 PwmPin.o
 .comment       0x00000030       0x31 Schieberegister.o
 .comment       0x00000030       0x31 Schieberegister_Operationen.o
 .comment       0x00000030       0x31 StringOperationen.o
 .comment       0x00000030       0x31 UART.o
 .comment       0x00000030       0x31 uart_string_handling.o
 .comment       0x00000030       0x31 c:/program files (x86)/atmel/studio/7.0/toolchain/avr8/avr8-gnu-toolchain/bin/../lib/gcc/avr/5.4.0/../../../../avr/lib/avrxmega2\libc.a(sprintf.o)
 .comment       0x00000030       0x2c c:/program files (x86)/atmel/studio/7.0/toolchain/avr8/avr8-gnu-toolchain/bin/../lib/gcc/avr/5.4.0/../../../../avr/lib/avrxmega2\libc.a(vfprintf_std.o)
                                 0x2d (size before relaxing)
 .comment       0x0000005c       0x31 c:/program files (x86)/atmel/studio/7.0/toolchain/avr8/avr8-gnu-toolchain/bin/../lib/gcc/avr/5.4.0/../../../../avr/lib/avrxmega2\libc.a(fputc.o)

.note.gnu.avr.deviceinfo
                0x00000000       0x40
 .note.gnu.avr.deviceinfo
                0x00000000       0x40 C:/Program Files (x86)/Atmel/Studio/7.0/Packs/atmel/XMEGAA_DFP/1.1.68/gcc/dev/atxmega32a4/avrxmega2/crtatxmega32a4.o

.note.gnu.build-id
 *(.note.gnu.build-id)

.debug
 *(.debug)

.line
 *(.line)

.debug_srcinfo
 *(.debug_srcinfo)

.debug_sfnames
 *(.debug_sfnames)

.debug_aranges  0x00000000      0x618
 *(.debug_aranges)
 .debug_aranges
                0x00000000       0x38 AnalogDigitalConverter.o
 .debug_aranges
                0x00000038       0xb0 Bildschirmausgaben.o
 .debug_aranges
                0x000000e8       0x40 Bitoperationen.o
 .debug_aranges
                0x00000128       0x20 BringMe2IdleState.o
 .debug_aranges
                0x00000148       0x48 Faderbewegung.o
 .debug_aranges
                0x00000190       0x48 Fader_Motor.o
 .debug_aranges
                0x000001d8       0x58 IC_74HC595.o
 .debug_aranges
                0x00000230       0x28 Init_XMEGA.o
 .debug_aranges
                0x00000258       0x60 lcd-routines.o
 .debug_aranges
                0x000002b8       0x40 LED.o
 .debug_aranges
                0x000002f8       0x58 main.o
 .debug_aranges
                0x00000350       0x78 Pin.o
 .debug_aranges
                0x000003c8       0x20 Potentiometer.o
 .debug_aranges
                0x000003e8       0x48 Pumpenklasse.o
 .debug_aranges
                0x00000430       0x28 Pumpensteuerung.o
 .debug_aranges
                0x00000458       0x68 PwmPin.o
 .debug_aranges
                0x000004c0       0x90 Schieberegister.o
 .debug_aranges
                0x00000550       0x20 Schieberegister_Operationen.o
 .debug_aranges
                0x00000570       0x28 StringOperationen.o
 .debug_aranges
                0x00000598       0x58 UART.o
 .debug_aranges
                0x000005f0       0x28 uart_string_handling.o

.debug_pubnames
 *(.debug_pubnames)

.debug_info     0x00000000     0xf04c
 *(.debug_info .gnu.linkonce.wi.*)
 .debug_info    0x00000000     0x22d1 C:/Program Files (x86)/Atmel/Studio/7.0/Packs/atmel/XMEGAA_DFP/1.1.68/gcc/dev/atxmega32a4/avrxmega2/crtatxmega32a4.o
 .debug_info    0x000022d1      0xa85 AnalogDigitalConverter.o
 .debug_info    0x00002d56      0xa51 Bildschirmausgaben.o
 .debug_info    0x000037a7      0x769 Bitoperationen.o
 .debug_info    0x00003f10      0x944 BringMe2IdleState.o
 .debug_info    0x00004854      0xe94 Faderbewegung.o
 .debug_info    0x000056e8      0x8a2 Fader_Motor.o
 .debug_info    0x00005f8a      0x4aa IC_74HC595.o
 .debug_info    0x00006434      0x1df Init_XMEGA.o
 .debug_info    0x00006613      0x6eb lcd-routines.o
 .debug_info    0x00006cfe      0x53e LED.o
 .debug_info    0x0000723c     0x2123 main.o
 .debug_info    0x0000935f     0x12d5 Pin.o
 .debug_info    0x0000a634      0xa98 Potentiometer.o
 .debug_info    0x0000b0cc      0x5bd Pumpenklasse.o
 .debug_info    0x0000b689      0xa53 Pumpensteuerung.o
 .debug_info    0x0000c0dc     0x126b PwmPin.o
 .debug_info    0x0000d347      0xd1a Schieberegister.o
 .debug_info    0x0000e061      0x604 Schieberegister_Operationen.o
 .debug_info    0x0000e665      0x150 StringOperationen.o
 .debug_info    0x0000e7b5      0x706 UART.o
 .debug_info    0x0000eebb      0x191 uart_string_handling.o

.debug_abbrev   0x00000000     0x488b
 *(.debug_abbrev)
 .debug_abbrev  0x00000000     0x20f8 C:/Program Files (x86)/Atmel/Studio/7.0/Packs/atmel/XMEGAA_DFP/1.1.68/gcc/dev/atxmega32a4/avrxmega2/crtatxmega32a4.o
 .debug_abbrev  0x000020f8      0x270 AnalogDigitalConverter.o
 .debug_abbrev  0x00002368       0xc4 Bildschirmausgaben.o
 .debug_abbrev  0x0000242c      0x1e3 Bitoperationen.o
 .debug_abbrev  0x0000260f      0x1a8 BringMe2IdleState.o
 .debug_abbrev  0x000027b7      0x2c9 Faderbewegung.o
 .debug_abbrev  0x00002a80      0x1f5 Fader_Motor.o
 .debug_abbrev  0x00002c75      0x1a9 IC_74HC595.o
 .debug_abbrev  0x00002e1e       0xe0 Init_XMEGA.o
 .debug_abbrev  0x00002efe      0x1c0 lcd-routines.o
 .debug_abbrev  0x000030be      0x1c8 LED.o
 .debug_abbrev  0x00003286      0x3ab main.o
 .debug_abbrev  0x00003631      0x205 Pin.o
 .debug_abbrev  0x00003836      0x20c Potentiometer.o
 .debug_abbrev  0x00003a42      0x1ba Pumpenklasse.o
 .debug_abbrev  0x00003bfc      0x224 Pumpensteuerung.o
 .debug_abbrev  0x00003e20      0x2c8 PwmPin.o
 .debug_abbrev  0x000040e8      0x29f Schieberegister.o
 .debug_abbrev  0x00004387      0x150 Schieberegister_Operationen.o
 .debug_abbrev  0x000044d7       0xcb StringOperationen.o
 .debug_abbrev  0x000045a2      0x1fc UART.o
 .debug_abbrev  0x0000479e       0xed uart_string_handling.o

.debug_line     0x00000000     0x430c
 *(.debug_line .debug_line.* .debug_line_end)
 .debug_line    0x00000000      0x2cb C:/Program Files (x86)/Atmel/Studio/7.0/Packs/atmel/XMEGAA_DFP/1.1.68/gcc/dev/atxmega32a4/avrxmega2/crtatxmega32a4.o
 .debug_line    0x000002cb      0x2c0 AnalogDigitalConverter.o
 .debug_line    0x0000058b      0x391 Bildschirmausgaben.o
 .debug_line    0x0000091c      0x16f Bitoperationen.o
 .debug_line    0x00000a8b      0x1dd BringMe2IdleState.o
 .debug_line    0x00000c68      0x599 Faderbewegung.o
 .debug_line    0x00001201      0x1c6 Fader_Motor.o
 .debug_line    0x000013c7      0x1f4 IC_74HC595.o
 .debug_line    0x000015bb      0x130 Init_XMEGA.o
 .debug_line    0x000016eb      0x3ba lcd-routines.o
 .debug_line    0x00001aa5      0x20b LED.o
 .debug_line    0x00001cb0      0x6e5 main.o
 .debug_line    0x00002395      0xaab Pin.o
 .debug_line    0x00002e40      0x2e1 Potentiometer.o
 .debug_line    0x00003121      0x228 Pumpenklasse.o
 .debug_line    0x00003349      0x259 Pumpensteuerung.o
 .debug_line    0x000035a2      0x37f PwmPin.o
 .debug_line    0x00003921      0x346 Schieberegister.o
 .debug_line    0x00003c67      0x135 Schieberegister_Operationen.o
 .debug_line    0x00003d9c       0xdd StringOperationen.o
 .debug_line    0x00003e79      0x372 UART.o
 .debug_line    0x000041eb      0x121 uart_string_handling.o

.debug_frame    0x00000000      0xea0
 *(.debug_frame)
 .debug_frame   0x00000000       0x74 AnalogDigitalConverter.o
 .debug_frame   0x00000074      0x194 Bildschirmausgaben.o
 .debug_frame   0x00000208       0x9c Bitoperationen.o
 .debug_frame   0x000002a4       0x34 BringMe2IdleState.o
 .debug_frame   0x000002d8       0xe8 Faderbewegung.o
 .debug_frame   0x000003c0       0x84 Fader_Motor.o
 .debug_frame   0x00000444       0x94 IC_74HC595.o
 .debug_frame   0x000004d8       0x34 Init_XMEGA.o
 .debug_frame   0x0000050c       0xe4 lcd-routines.o
 .debug_frame   0x000005f0       0x7c LED.o
 .debug_frame   0x0000066c      0x128 main.o
 .debug_frame   0x00000794       0xf0 Pin.o
 .debug_frame   0x00000884       0x34 Potentiometer.o
 .debug_frame   0x000008b8       0x8c Pumpenklasse.o
 .debug_frame   0x00000944       0x84 Pumpensteuerung.o
 .debug_frame   0x000009c8      0x12c PwmPin.o
 .debug_frame   0x00000af4      0x160 Schieberegister.o
 .debug_frame   0x00000c54       0x30 Schieberegister_Operationen.o
 .debug_frame   0x00000c84       0x94 StringOperationen.o
 .debug_frame   0x00000d18      0x140 UART.o
 .debug_frame   0x00000e58       0x48 uart_string_handling.o

.debug_str      0x00000000     0x492a
 *(.debug_str)
 .debug_str     0x00000000     0x172c C:/Program Files (x86)/Atmel/Studio/7.0/Packs/atmel/XMEGAA_DFP/1.1.68/gcc/dev/atxmega32a4/avrxmega2/crtatxmega32a4.o
 .debug_str     0x0000172c      0x8bd AnalogDigitalConverter.o
                                0x928 (size before relaxing)
 .debug_str     0x00001fe9      0x568 Bildschirmausgaben.o
                                0x728 (size before relaxing)
 .debug_str     0x00002551      0x62f Bitoperationen.o
                                0x9db (size before relaxing)
 .debug_str     0x00002b80      0x3f7 BringMe2IdleState.o
                                0xd8d (size before relaxing)
 .debug_str     0x00002f77      0x592 Faderbewegung.o
                               0x10cb (size before relaxing)
 .debug_str     0x00003509       0x6c Fader_Motor.o
                                0x8b1 (size before relaxing)
 .debug_str     0x00003575       0x5f IC_74HC595.o
                                0x383 (size before relaxing)
 .debug_str     0x000035d4      0x14a Init_XMEGA.o
                                0x31e (size before relaxing)
 .debug_str     0x0000371e       0xf4 lcd-routines.o
                                0x335 (size before relaxing)
 .debug_str     0x00003812       0x35 LED.o
                                0x478 (size before relaxing)
 .debug_str     0x00003847      0x7cc main.o
                               0x1afd (size before relaxing)
 .debug_str     0x00004013       0x4b Pin.o
                                0x46e (size before relaxing)
 .debug_str     0x0000405e       0x9a Potentiometer.o
                                0xe56 (size before relaxing)
 .debug_str     0x000040f8       0x60 Pumpenklasse.o
                                0x55c (size before relaxing)
 .debug_str     0x00004158       0x30 Pumpensteuerung.o
                                0xd4e (size before relaxing)
 .debug_str     0x00004188      0x40d PwmPin.o
                                0xbf7 (size before relaxing)
 .debug_str     0x00004595       0x88 Schieberegister.o
                                0xb3c (size before relaxing)
 .debug_str     0x0000461d       0x25 Schieberegister_Operationen.o
                                0x9b9 (size before relaxing)
 .debug_str     0x00004642       0x46 StringOperationen.o
                                0x26b (size before relaxing)
 .debug_str     0x00004688      0x22a UART.o
                                0x6d6 (size before relaxing)
 .debug_str     0x000048b2       0x78 uart_string_handling.o
                                0x28f (size before relaxing)

.debug_loc      0x00000000     0x4506
 *(.debug_loc)
 .debug_loc     0x00000000      0x162 AnalogDigitalConverter.o
 .debug_loc     0x00000162      0x286 Bildschirmausgaben.o
 .debug_loc     0x000003e8      0x328 Bitoperationen.o
 .debug_loc     0x00000710       0x85 BringMe2IdleState.o
 .debug_loc     0x00000795      0x42a Faderbewegung.o
 .debug_loc     0x00000bbf      0x1d2 Fader_Motor.o
 .debug_loc     0x00000d91      0x172 IC_74HC595.o
 .debug_loc     0x00000f03      0x6b4 lcd-routines.o
 .debug_loc     0x000015b7      0x1a3 LED.o
 .debug_loc     0x0000175a      0x459 main.o
 .debug_loc     0x00001bb3     0x105d Pin.o
 .debug_loc     0x00002c10      0x2e8 Potentiometer.o
 .debug_loc     0x00002ef8      0x1dd Pumpenklasse.o
 .debug_loc     0x000030d5      0x20b Pumpensteuerung.o
 .debug_loc     0x000032e0      0x3ca PwmPin.o
 .debug_loc     0x000036aa      0x4f8 Schieberegister.o
 .debug_loc     0x00003ba2       0x53 Schieberegister_Operationen.o
 .debug_loc     0x00003bf5      0x194 StringOperationen.o
 .debug_loc     0x00003d89      0x5e0 UART.o
 .debug_loc     0x00004369      0x19d uart_string_handling.o

.debug_macinfo
 *(.debug_macinfo)

.debug_weaknames
 *(.debug_weaknames)

.debug_funcnames
 *(.debug_funcnames)

.debug_typenames
 *(.debug_typenames)

.debug_varnames
 *(.debug_varnames)

.debug_pubtypes
 *(.debug_pubtypes)

.debug_ranges   0x00000000      0x4c8
 *(.debug_ranges)
 .debug_ranges  0x00000000       0x28 AnalogDigitalConverter.o
 .debug_ranges  0x00000028       0xa0 Bildschirmausgaben.o
 .debug_ranges  0x000000c8       0x30 Bitoperationen.o
 .debug_ranges  0x000000f8       0x10 BringMe2IdleState.o
 .debug_ranges  0x00000108       0x38 Faderbewegung.o
 .debug_ranges  0x00000140       0x38 Fader_Motor.o
 .debug_ranges  0x00000178       0x48 IC_74HC595.o
 .debug_ranges  0x000001c0       0x18 Init_XMEGA.o
 .debug_ranges  0x000001d8       0x50 lcd-routines.o
 .debug_ranges  0x00000228       0x30 LED.o
 .debug_ranges  0x00000258       0x48 main.o
 .debug_ranges  0x000002a0       0x68 Pin.o
 .debug_ranges  0x00000308       0x10 Potentiometer.o
 .debug_ranges  0x00000318       0x38 Pumpenklasse.o
 .debug_ranges  0x00000350       0x18 Pumpensteuerung.o
 .debug_ranges  0x00000368       0x58 PwmPin.o
 .debug_ranges  0x000003c0       0x80 Schieberegister.o
 .debug_ranges  0x00000440       0x10 Schieberegister_Operationen.o
 .debug_ranges  0x00000450       0x18 StringOperationen.o
 .debug_ranges  0x00000468       0x48 UART.o
 .debug_ranges  0x000004b0       0x18 uart_string_handling.o

.debug_macro
 *(.debug_macro)
OUTPUT(Cocktailmixer.elf elf32-avr)
LOAD linker stubs
